GAS LISTING /tmp/ccuZp0tp.s 			page 1


   1              		.file	"Buffer.cpp"
   2              		.option pic
   3              		.option norelax
   4              		.text
   5              	.Ltext0:
   6              		.align	2
   7              		.globl	_Z17getSizeOfMetaDatav
   9              	_Z17getSizeOfMetaDatav:
  10              	.LFB0:
  11              		.file 1 "src/../h/../h/MetaData.hpp"
   1:src/../h/../h/MetaData.hpp **** //
   2:src/../h/../h/MetaData.hpp **** // Created by os on 12/26/25.
   3:src/../h/../h/MetaData.hpp **** //
   4:src/../h/../h/MetaData.hpp **** 
   5:src/../h/../h/MetaData.hpp **** #ifndef PROJECT_BASE_V1_1_METADATA_H
   6:src/../h/../h/MetaData.hpp **** #define PROJECT_BASE_V1_1_METADATA_H
   7:src/../h/../h/MetaData.hpp **** #include "../lib/hw.h"
   8:src/../h/../h/MetaData.hpp **** 
   9:src/../h/../h/MetaData.hpp **** typedef struct FreeBlock
  10:src/../h/../h/MetaData.hpp **** {
  11:src/../h/../h/MetaData.hpp ****     bool flagFree;
  12:src/../h/../h/MetaData.hpp ****     size_t numOfBlocks;
  13:src/../h/../h/MetaData.hpp ****     FreeBlock *nextBlock;
  14:src/../h/../h/MetaData.hpp ****     FreeBlock *previousBlock;
  15:src/../h/../h/MetaData.hpp **** } FreeBlock;
  16:src/../h/../h/MetaData.hpp **** 
  17:src/../h/../h/MetaData.hpp **** typedef struct OccupiedBlock
  18:src/../h/../h/MetaData.hpp **** {
  19:src/../h/../h/MetaData.hpp ****     bool flagFree;
  20:src/../h/../h/MetaData.hpp ****     size_t numOfBlocks;
  21:src/../h/../h/MetaData.hpp **** } OccupiedBlock;
  22:src/../h/../h/MetaData.hpp **** 
  23:src/../h/../h/MetaData.hpp **** size_t getSizeOfMetaData() { return sizeof(OccupiedBlock); }
  12              		.loc 1 23 28
  13              		.cfi_startproc
  14 0000 130101FF 		addi	sp,sp,-16
  15              		.cfi_def_cfa_offset 16
  16 0004 23348100 		sd	s0,8(sp)
  17              		.cfi_offset 8, -8
  18 0008 13040101 		addi	s0,sp,16
  19              		.cfi_def_cfa 8, 0
  20              		.loc 1 23 30
  21              		.loc 1 23 60 is_stmt 0
  22 000c 13050001 		li	a0,16
  23 0010 03348100 		ld	s0,8(sp)
  24              		.cfi_restore 8
  25              		.cfi_def_cfa 2, 16
  26 0014 13010101 		addi	sp,sp,16
  27              		.cfi_def_cfa_offset 0
  28 0018 67800000 		jr	ra
  29              		.cfi_endproc
  30              	.LFE0:
  32              	.Letext0:
  33              		.file 2 "src/../h/../lib/hw.h"
  34              		.file 3 "src/../h/../h/Config.hpp"
GAS LISTING /tmp/ccuZp0tp.s 			page 2


DEFINED SYMBOLS
                            *ABS*:0000000000000000 Buffer.cpp
     /tmp/ccuZp0tp.s:9      .text:0000000000000000 _Z17getSizeOfMetaDatav
     /tmp/ccuZp0tp.s:13     .text:0000000000000000 .L0 
     /tmp/ccuZp0tp.s:14     .text:0000000000000000 .L0 
     /tmp/ccuZp0tp.s:15     .text:0000000000000004 .L0 
     /tmp/ccuZp0tp.s:17     .text:0000000000000008 .L0 
     /tmp/ccuZp0tp.s:19     .text:000000000000000c .L0 
     /tmp/ccuZp0tp.s:21     .text:000000000000000c .L0 
     /tmp/ccuZp0tp.s:22     .text:000000000000000c .L0 
     /tmp/ccuZp0tp.s:24     .text:0000000000000014 .L0 
     /tmp/ccuZp0tp.s:25     .text:0000000000000014 .L0 
     /tmp/ccuZp0tp.s:27     .text:0000000000000018 .L0 
     /tmp/ccuZp0tp.s:29     .text:000000000000001c .L0 
     /tmp/ccuZp0tp.s:35     .text:000000000000001c .L0 
     /tmp/ccuZp0tp.s:250    .debug_abbrev:0000000000000000 .Ldebug_abbrev0
     /tmp/ccuZp0tp.s:559    .debug_str:00000000000001c0 .LASF24
     /tmp/ccuZp0tp.s:557    .debug_str:00000000000001b1 .LASF25
     /tmp/ccuZp0tp.s:517    .debug_str:0000000000000047 .LASF26
     /tmp/ccuZp0tp.s:5      .text:0000000000000000 .Ltext0
     /tmp/ccuZp0tp.s:32     .text:000000000000001c .Letext0
     /tmp/ccuZp0tp.s:505    .debug_line:0000000000000000 .Ldebug_line0
     /tmp/ccuZp0tp.s:539    .debug_str:000000000000010e .LASF0
     /tmp/ccuZp0tp.s:545    .debug_str:0000000000000142 .LASF1
     /tmp/ccuZp0tp.s:535    .debug_str:00000000000000ed .LASF2
     /tmp/ccuZp0tp.s:529    .debug_str:00000000000000b8 .LASF4
     /tmp/ccuZp0tp.s:553    .debug_str:000000000000018d .LASF3
     /tmp/ccuZp0tp.s:511    .debug_str:0000000000000024 .LASF5
     /tmp/ccuZp0tp.s:547    .debug_str:0000000000000155 .LASF6
     /tmp/ccuZp0tp.s:537    .debug_str:00000000000000fb .LASF7
     /tmp/ccuZp0tp.s:563    .debug_str:0000000000000293 .LASF8
     /tmp/ccuZp0tp.s:525    .debug_str:0000000000000097 .LASF9
     /tmp/ccuZp0tp.s:549    .debug_str:0000000000000168 .LASF10
     /tmp/ccuZp0tp.s:561    .debug_str:0000000000000284 .LASF11
     /tmp/ccuZp0tp.s:513    .debug_str:000000000000002b .LASF12
     /tmp/ccuZp0tp.s:509    .debug_str:0000000000000014 .LASF13
     /tmp/ccuZp0tp.s:515    .debug_str:000000000000003b .LASF14
     /tmp/ccuZp0tp.s:551    .debug_str:0000000000000177 .LASF15
     /tmp/ccuZp0tp.s:519    .debug_str:000000000000006a .LASF16
     /tmp/ccuZp0tp.s:521    .debug_str:0000000000000080 .LASF17
     /tmp/ccuZp0tp.s:541    .debug_str:000000000000011b .LASF27
     /tmp/ccuZp0tp.s:533    .debug_str:00000000000000d6 .LASF18
     /tmp/ccuZp0tp.s:565    .debug_str:00000000000002a3 .LASF19
     /tmp/ccuZp0tp.s:555    .debug_str:000000000000019f .LASF20
     /tmp/ccuZp0tp.s:527    .debug_str:00000000000000a5 .LASF21
     /tmp/ccuZp0tp.s:507    .debug_str:0000000000000000 .LASF22
     /tmp/ccuZp0tp.s:543    .debug_str:0000000000000128 .LASF23
     /tmp/ccuZp0tp.s:523    .debug_str:0000000000000085 .LASF28
     /tmp/ccuZp0tp.s:531    .debug_str:00000000000000bf .LASF29
     /tmp/ccuZp0tp.s:10     .text:0000000000000000 .LFB0
     /tmp/ccuZp0tp.s:30     .text:000000000000001c .LFE0
     /tmp/ccuZp0tp.s:36     .debug_info:0000000000000000 .Ldebug_info0

NO UNDEFINED SYMBOLS
