GAS LISTING /tmp/ccDHRDh4.s 			page 1


   1              		.file	"KSemaphore.cpp"
   2              		.option pic
   3              		.option norelax
   4              		.text
   5              	.Ltext0:
   6              		.align	2
   7              		.globl	_ZN10KSemaphore19initializeSemaphoreEjP10ObjectPoolIS_Lm10EE
   9              	_ZN10KSemaphore19initializeSemaphoreEjP10ObjectPoolIS_Lm10EE:
  10              	.LFB37:
  11              		.file 1 "src/KSemaphore.cpp"
   1:src/KSemaphore.cpp **** //
   2:src/KSemaphore.cpp **** // Created by os on 12/13/25.
   3:src/KSemaphore.cpp **** //
   4:src/KSemaphore.cpp **** 
   5:src/KSemaphore.cpp **** #include "../h/KSemaphore.hpp"
   6:src/KSemaphore.cpp **** #include "../h/TCB.hpp"
   7:src/KSemaphore.cpp **** #include "../h/Scheduler.hpp"
   8:src/KSemaphore.cpp **** 
   9:src/KSemaphore.cpp **** 
  10:src/KSemaphore.cpp **** extern "C" void context_switch(TCB::Context* oldContext, TCB::Context* newContext);
  11:src/KSemaphore.cpp **** 
  12:src/KSemaphore.cpp **** void KSemaphore::initializeSemaphore(unsigned value, ObjectPool<KSemaphore, KernelConfig::NUM_OF_SE
  13:src/KSemaphore.cpp **** {
  12              		.loc 1 13 1
  13              		.cfi_startproc
  14              	.LVL0:
  15 0000 130101FF 		addi	sp,sp,-16
  16              		.cfi_def_cfa_offset 16
  17 0004 23348100 		sd	s0,8(sp)
  18              		.cfi_offset 8, -8
  19 0008 13040101 		addi	s0,sp,16
  20              		.cfi_def_cfa 8, 0
  14:src/KSemaphore.cpp ****     semaphoreVal = value;
  21              		.loc 1 14 5
  22              		.loc 1 14 20 is_stmt 0
  23 000c 93950502 		slli	a1,a1,32
  24              	.LVL1:
  25 0010 93D50502 		srli	a1,a1,32
  26              		.loc 1 14 18
  27 0014 2330B500 		sd	a1,0(a0)
  15:src/KSemaphore.cpp ****     headBlockedThread = nullptr;
  28              		.loc 1 15 5 is_stmt 1
  29              		.loc 1 15 23 is_stmt 0
  30 0018 23340500 		sd	zero,8(a0)
  16:src/KSemaphore.cpp ****     tailBlockedThread = nullptr;
  31              		.loc 1 16 5 is_stmt 1
  32              		.loc 1 16 23 is_stmt 0
  33 001c 23380500 		sd	zero,16(a0)
  17:src/KSemaphore.cpp ****     sourcePool = pool;
  34              		.loc 1 17 5 is_stmt 1
  35              		.loc 1 17 16 is_stmt 0
  36 0020 233CC500 		sd	a2,24(a0)
  18:src/KSemaphore.cpp **** }
  37              		.loc 1 18 1
  38 0024 03348100 		ld	s0,8(sp)
  39              		.cfi_restore 8
  40              		.cfi_def_cfa 2, 16
GAS LISTING /tmp/ccDHRDh4.s 			page 2


  41 0028 13010101 		addi	sp,sp,16
  42              		.cfi_def_cfa_offset 0
  43 002c 67800000 		jr	ra
  44              		.cfi_endproc
  45              	.LFE37:
  47              		.align	2
  48              		.globl	_ZN10KSemaphore11blockThreadEP3TCB
  50              	_ZN10KSemaphore11blockThreadEP3TCB:
  51              	.LFB38:
  19:src/KSemaphore.cpp **** 
  20:src/KSemaphore.cpp **** void KSemaphore::blockThread(TCB* threadToBlock)
  21:src/KSemaphore.cpp **** {
  52              		.loc 1 21 1 is_stmt 1
  53              		.cfi_startproc
  54              	.LVL2:
  55 0030 130101FF 		addi	sp,sp,-16
  56              		.cfi_def_cfa_offset 16
  57 0034 23348100 		sd	s0,8(sp)
  58              		.cfi_offset 8, -8
  59 0038 13040101 		addi	s0,sp,16
  60              		.cfi_def_cfa 8, 0
  22:src/KSemaphore.cpp ****     threadToBlock->setSemaphoreOnWait(this);
  61              		.loc 1 22 5
  62              	.LVL3:
  63              	.LBB54:
  64              	.LBB55:
  65              		.file 2 "src/../h/TCB.hpp"
   1:src/../h/TCB.hpp **** //
   2:src/../h/TCB.hpp **** // Created by os on 12/5/25.
   3:src/../h/TCB.hpp **** //
   4:src/../h/TCB.hpp **** 
   5:src/../h/TCB.hpp **** #ifndef PROJECT_BASE_V1_1_TCB_H
   6:src/../h/TCB.hpp **** #define PROJECT_BASE_V1_1_TCB_H
   7:src/../h/TCB.hpp **** #include "ObjectPool.hpp"
   8:src/../h/TCB.hpp **** #include "MemoryAllocator.hpp"
   9:src/../h/TCB.hpp **** #include "../lib/hw.h"
  10:src/../h/TCB.hpp **** #include "Config.hpp"
  11:src/../h/TCB.hpp **** #include "Machine.hpp"
  12:src/../h/TCB.hpp **** 
  13:src/../h/TCB.hpp **** class KSemaphore;
  14:src/../h/TCB.hpp **** class TCB
  15:src/../h/TCB.hpp **** {
  16:src/../h/TCB.hpp **** public:
  17:src/../h/TCB.hpp ****     typedef struct Context
  18:src/../h/TCB.hpp ****     {
  19:src/../h/TCB.hpp ****         uint64 ra;
  20:src/../h/TCB.hpp ****         uint64 sp;
  21:src/../h/TCB.hpp ****         KernelConfig::Mode mode;
  22:src/../h/TCB.hpp ****     } Context;
  23:src/../h/TCB.hpp ****     using Body = void(*)(void*);
  24:src/../h/TCB.hpp ****     TCB() = default;
  25:src/../h/TCB.hpp ****     void initializeThread(Body body, void*arg, void* stack, void* systemStack, ObjectPool<TCB, Kern
  26:src/../h/TCB.hpp ****                           KernelConfig::Mode mode = KernelConfig::USER_MODE, KernelConfig::ThreadSt
  27:src/../h/TCB.hpp **** 
  28:src/../h/TCB.hpp ****     size_t getTimeSlice() const { return timeSlice; }
  29:src/../h/TCB.hpp ****     bool isFinished() const { return finished; }
  30:src/../h/TCB.hpp ****     void setIsFinished() { finished = true; }
GAS LISTING /tmp/ccDHRDh4.s 			page 3


  31:src/../h/TCB.hpp **** 
  32:src/../h/TCB.hpp ****     void addThreadToState(TCB* newThread) { state = newThread; }
  33:src/../h/TCB.hpp ****     TCB* getState() const { return state; }
  34:src/../h/TCB.hpp ****     void resetState() {state = nullptr; }
  35:src/../h/TCB.hpp ****     Context* getContext() { return &context; }
  36:src/../h/TCB.hpp ****     void* getUserStack() const { return userStack; }
  37:src/../h/TCB.hpp ****     void* getSystemStack() const { return systemStack; }
  38:src/../h/TCB.hpp ****     ObjectPool<TCB, KernelConfig::NUM_OF_THREADS_IN_POOL>* getSourcePool() { return sourcePool; }
  39:src/../h/TCB.hpp **** 
  40:src/../h/TCB.hpp ****     void setWakeUpReason(KernelConfig::WakeUpReason reason) { wakeUpReason = reason; }
  41:src/../h/TCB.hpp ****     KernelConfig::WakeUpReason getWakeUpReason() { return wakeUpReason; }
  42:src/../h/TCB.hpp ****     void setSemaphoreOnWait (KSemaphore* semaphore) { waitOnSemaphore = semaphore; }
  66              		.loc 2 42 55
  67              		.loc 2 42 71 is_stmt 0
  68 003c 23B0A504 		sd	a0,64(a1)
  69              	.LVL4:
  70              	.LBE55:
  71              	.LBE54:
  23:src/KSemaphore.cpp ****     if(!headBlockedThread)
  72              		.loc 1 23 5 is_stmt 1
  73              		.loc 1 23 9 is_stmt 0
  74 0040 83378500 		ld	a5,8(a0)
  75              		.loc 1 23 5
  76 0044 638E0700 		beqz	a5,.L7
  24:src/KSemaphore.cpp ****     {
  25:src/KSemaphore.cpp ****         headBlockedThread = threadToBlock;
  26:src/KSemaphore.cpp ****     }
  27:src/KSemaphore.cpp ****     else
  28:src/KSemaphore.cpp ****     {
  29:src/KSemaphore.cpp ****         tailBlockedThread->addThreadToState(threadToBlock);
  77              		.loc 1 29 9 is_stmt 1
  78 0048 83370501 		ld	a5,16(a0)
  79              	.LVL5:
  80              	.LBB56:
  81              	.LBB57:
  32:src/../h/TCB.hpp ****     TCB* getState() const { return state; }
  82              		.loc 2 32 45
  32:src/../h/TCB.hpp ****     TCB* getState() const { return state; }
  83              		.loc 2 32 51 is_stmt 0
  84 004c 23B4B704 		sd	a1,72(a5)
  85              	.LVL6:
  86              	.L5:
  87              	.LBE57:
  88              	.LBE56:
  30:src/KSemaphore.cpp ****     }
  31:src/KSemaphore.cpp ****     tailBlockedThread = threadToBlock;
  89              		.loc 1 31 5 is_stmt 1
  90              		.loc 1 31 23 is_stmt 0
  91 0050 2338B500 		sd	a1,16(a0)
  32:src/KSemaphore.cpp **** }
  92              		.loc 1 32 1
  93 0054 03348100 		ld	s0,8(sp)
  94              		.cfi_remember_state
  95              		.cfi_restore 8
  96              		.cfi_def_cfa 2, 16
  97 0058 13010101 		addi	sp,sp,16
  98              		.cfi_def_cfa_offset 0
GAS LISTING /tmp/ccDHRDh4.s 			page 4


  99 005c 67800000 		jr	ra
 100              	.L7:
 101              		.cfi_restore_state
  25:src/KSemaphore.cpp ****     }
 102              		.loc 1 25 9 is_stmt 1
  25:src/KSemaphore.cpp ****     }
 103              		.loc 1 25 27 is_stmt 0
 104 0060 2334B500 		sd	a1,8(a0)
 105 0064 6FF0DFFE 		j	.L5
 106              		.cfi_endproc
 107              	.LFE38:
 109              		.align	2
 110              		.globl	_ZN10KSemaphore13unblockThreadEN12KernelConfig12WakeUpReasonE
 112              	_ZN10KSemaphore13unblockThreadEN12KernelConfig12WakeUpReasonE:
 113              	.LFB39:
  33:src/KSemaphore.cpp **** 
  34:src/KSemaphore.cpp **** int KSemaphore::unblockThread(KernelConfig::WakeUpReason reason)
  35:src/KSemaphore.cpp **** {
 114              		.loc 1 35 1 is_stmt 1
 115              		.cfi_startproc
 116              	.LVL7:
 117 0068 93070500 		mv	a5,a0
  36:src/KSemaphore.cpp ****    if(!headBlockedThread)
 118              		.loc 1 36 4
 119              		.loc 1 36 8 is_stmt 0
 120 006c 03358500 		ld	a0,8(a0)
 121              	.LVL8:
 122              		.loc 1 36 4
 123 0070 63080504 		beqz	a0,.L11
  35:src/KSemaphore.cpp ****    if(!headBlockedThread)
 124              		.loc 1 35 1
 125 0074 130101FF 		addi	sp,sp,-16
 126              		.cfi_def_cfa_offset 16
 127 0078 23341100 		sd	ra,8(sp)
 128 007c 23308100 		sd	s0,0(sp)
 129              		.cfi_offset 1, -8
 130              		.cfi_offset 8, -16
 131 0080 13040101 		addi	s0,sp,16
 132              		.cfi_def_cfa 8, 0
  37:src/KSemaphore.cpp ****    {
  38:src/KSemaphore.cpp ****        return -1;
  39:src/KSemaphore.cpp ****    }
  40:src/KSemaphore.cpp ****    TCB* oldThread = headBlockedThread;
 133              		.loc 1 40 4 is_stmt 1
 134              	.LVL9:
  41:src/KSemaphore.cpp ****    headBlockedThread = headBlockedThread->getState();
 135              		.loc 1 41 4
 136              	.LBB58:
 137              	.LBB59:
  33:src/../h/TCB.hpp ****     void resetState() {state = nullptr; }
 138              		.loc 2 33 29
  33:src/../h/TCB.hpp ****     void resetState() {state = nullptr; }
 139              		.loc 2 33 36 is_stmt 0
 140 0084 03378504 		ld	a4,72(a0)
 141              	.LVL10:
 142              	.LBE59:
 143              	.LBE58:
GAS LISTING /tmp/ccDHRDh4.s 			page 5


 144              		.loc 1 41 22
 145 0088 23B4E700 		sd	a4,8(a5)
  42:src/KSemaphore.cpp ****    if(!headBlockedThread)
 146              		.loc 1 42 4 is_stmt 1
 147 008c 63060702 		beqz	a4,.L16
 148              	.L10:
  43:src/KSemaphore.cpp ****    {
  44:src/KSemaphore.cpp ****        tailBlockedThread = nullptr;
  45:src/KSemaphore.cpp ****    }
  46:src/KSemaphore.cpp ****    oldThread->setWakeUpReason(reason);
 149              		.loc 1 46 4
 150              	.LVL11:
 151              	.LBB60:
 152              	.LBB61:
  40:src/../h/TCB.hpp ****     KernelConfig::WakeUpReason getWakeUpReason() { return wakeUpReason; }
 153              		.loc 2 40 63
  40:src/../h/TCB.hpp ****     KernelConfig::WakeUpReason getWakeUpReason() { return wakeUpReason; }
 154              		.loc 2 40 76 is_stmt 0
 155 0090 232AB504 		sw	a1,84(a0)
 156              	.LVL12:
 157              	.LBE61:
 158              	.LBE60:
  47:src/KSemaphore.cpp ****    oldThread->resetState();
 159              		.loc 1 47 4 is_stmt 1
 160              	.LBB62:
 161              	.LBB63:
  34:src/../h/TCB.hpp ****     Context* getContext() { return &context; }
 162              		.loc 2 34 24
  34:src/../h/TCB.hpp ****     Context* getContext() { return &context; }
 163              		.loc 2 34 30 is_stmt 0
 164 0094 23340504 		sd	zero,72(a0)
 165              	.LVL13:
 166              	.LBE63:
 167              	.LBE62:
  48:src/KSemaphore.cpp ****    oldThread->resetSemaphoreOnWait();
 168              		.loc 1 48 4 is_stmt 1
 169              	.LBB64:
 170              	.LBB65:
  43:src/../h/TCB.hpp ****     KSemaphore* getSemaphoreOnWait() const { return waitOnSemaphore; }
  44:src/../h/TCB.hpp ****     void resetSemaphoreOnWait() { waitOnSemaphore = nullptr; }
 171              		.loc 2 44 35
 172              		.loc 2 44 51 is_stmt 0
 173 0098 23300504 		sd	zero,64(a0)
 174              	.LVL14:
 175              	.LBE65:
 176              	.LBE64:
  49:src/KSemaphore.cpp ****    Scheduler::put(oldThread);
 177              		.loc 1 49 4 is_stmt 1
 178              		.loc 1 49 18 is_stmt 0
 179 009c 97000000 		call	_ZN9Scheduler3putEP3TCB@plt
 179      E7800000 
 180              	.LVL15:
  50:src/KSemaphore.cpp ****    return 0;
 181              		.loc 1 50 4 is_stmt 1
 182              		.loc 1 50 11 is_stmt 0
 183 00a4 13050000 		li	a0,0
  51:src/KSemaphore.cpp **** }
GAS LISTING /tmp/ccDHRDh4.s 			page 6


 184              		.loc 1 51 1
 185 00a8 83308100 		ld	ra,8(sp)
 186              		.cfi_remember_state
 187              		.cfi_restore 1
 188 00ac 03340100 		ld	s0,0(sp)
 189              		.cfi_restore 8
 190              		.cfi_def_cfa 2, 16
 191 00b0 13010101 		addi	sp,sp,16
 192              		.cfi_def_cfa_offset 0
 193 00b4 67800000 		jr	ra
 194              	.LVL16:
 195              	.L16:
 196              		.cfi_restore_state
  44:src/KSemaphore.cpp ****    }
 197              		.loc 1 44 8 is_stmt 1
  44:src/KSemaphore.cpp ****    }
 198              		.loc 1 44 26 is_stmt 0
 199 00b8 23B80700 		sd	zero,16(a5)
 200 00bc 6FF05FFD 		j	.L10
 201              	.LVL17:
 202              	.L11:
 203              		.cfi_def_cfa_register 2
 204              		.cfi_restore 1
 205              		.cfi_restore 8
  38:src/KSemaphore.cpp ****    }
 206              		.loc 1 38 16
 207 00c0 1305F0FF 		li	a0,-1
 208              		.loc 1 51 1
 209 00c4 67800000 		ret
 210              		.cfi_endproc
 211              	.LFE39:
 213              		.align	2
 214              		.globl	_ZN10KSemaphore4waitEv
 216              	_ZN10KSemaphore4waitEv:
 217              	.LFB40:
  52:src/KSemaphore.cpp **** 
  53:src/KSemaphore.cpp **** int KSemaphore::wait()
  54:src/KSemaphore.cpp **** {
 218              		.loc 1 54 1 is_stmt 1
 219              		.cfi_startproc
 220              	.LVL18:
  55:src/KSemaphore.cpp ****     semaphoreVal--;
 221              		.loc 1 55 5
 222 00c8 83370500 		ld	a5,0(a0)
 223              		.loc 1 55 17 is_stmt 0
 224 00cc 9387F7FF 		addi	a5,a5,-1
 225 00d0 2330F500 		sd	a5,0(a0)
  56:src/KSemaphore.cpp ****     if(semaphoreVal < 0)
 226              		.loc 1 56 5 is_stmt 1
 227              	.LBB66:
 228 00d4 63C60700 		bltz	a5,.L26
 229              	.LBE66:
  57:src/KSemaphore.cpp ****     {
  58:src/KSemaphore.cpp **** 
  59:src/KSemaphore.cpp ****         TCB* oldThread = TCB::getRunningThread();
  60:src/KSemaphore.cpp ****         TCB::setRunningThread(Scheduler::get());
  61:src/KSemaphore.cpp ****         oldThread->resetState();
GAS LISTING /tmp/ccDHRDh4.s 			page 7


  62:src/KSemaphore.cpp ****         blockThread(oldThread);
  63:src/KSemaphore.cpp ****         context_switch(oldThread->getContext(), TCB::getRunningThread()->getContext());
  64:src/KSemaphore.cpp ****         if(TCB::getRunningThread()->getWakeUpReason() == KernelConfig::WAKE_UP_SEMAPHORE_SIGNAL)
  65:src/KSemaphore.cpp ****         {
  66:src/KSemaphore.cpp ****             return 0;
  67:src/KSemaphore.cpp ****         }
  68:src/KSemaphore.cpp ****         if(TCB::getRunningThread()->getWakeUpReason() == KernelConfig::WAKE_UP_SEMAPHORE_CLOSE)
  69:src/KSemaphore.cpp ****         {
  70:src/KSemaphore.cpp ****             return -1;
  71:src/KSemaphore.cpp ****         }
  72:src/KSemaphore.cpp **** 
  73:src/KSemaphore.cpp ****     }
  74:src/KSemaphore.cpp ****     return 0;
 230              		.loc 1 74 12 is_stmt 0
 231 00d8 13050000 		li	a0,0
 232              	.LVL19:
  75:src/KSemaphore.cpp **** }
 233              		.loc 1 75 1
 234 00dc 67800000 		ret
 235              	.LVL20:
 236              	.L26:
  54:src/KSemaphore.cpp ****     semaphoreVal--;
 237              		.loc 1 54 1
 238 00e0 130101FD 		addi	sp,sp,-48
 239              		.cfi_def_cfa_offset 48
 240 00e4 23341102 		sd	ra,40(sp)
 241 00e8 23308102 		sd	s0,32(sp)
 242 00ec 233C9100 		sd	s1,24(sp)
 243 00f0 23382101 		sd	s2,16(sp)
 244 00f4 23343101 		sd	s3,8(sp)
 245              		.cfi_offset 1, -8
 246              		.cfi_offset 8, -16
 247              		.cfi_offset 9, -24
 248              		.cfi_offset 18, -32
 249              		.cfi_offset 19, -40
 250 00f8 13040103 		addi	s0,sp,48
 251              		.cfi_def_cfa 8, 0
 252 00fc 93040500 		mv	s1,a0
 253              	.LBB86:
 254              	.LBB67:
  59:src/KSemaphore.cpp ****         TCB::setRunningThread(Scheduler::get());
 255              		.loc 1 59 9 is_stmt 1
 256              	.LBB68:
 257              	.LBB69:
  45:src/../h/TCB.hpp ****     static void dispatch();
  46:src/../h/TCB.hpp **** 
  47:src/../h/TCB.hpp ****     static TCB* getRunningThread() { return running; }
 258              		.loc 2 47 38
 259              		.loc 2 47 45 is_stmt 0
 260 0100 17090000 		la	s2,_ZN3TCB7runningE
 260      03390900 
 261 0108 83390900 		ld	s3,0(s2)
 262              	.LVL21:
 263              	.LBE69:
 264              	.LBE68:
  60:src/KSemaphore.cpp ****         oldThread->resetState();
 265              		.loc 1 60 9 is_stmt 1
GAS LISTING /tmp/ccDHRDh4.s 			page 8


  60:src/KSemaphore.cpp ****         oldThread->resetState();
 266              		.loc 1 60 30 is_stmt 0
 267 010c 97000000 		call	_ZN9Scheduler3getEv@plt
 267      E7800000 
 268              	.LVL22:
 269              	.LBB70:
 270              	.LBB71:
  48:src/../h/TCB.hpp ****     static void setRunningThread(TCB* newRunningThread) { running = newRunningThread; }
 271              		.loc 2 48 59 is_stmt 1
 272              		.loc 2 48 67 is_stmt 0
 273 0114 2330A900 		sd	a0,0(s2)
 274              	.LVL23:
 275              	.LBE71:
 276              	.LBE70:
  61:src/KSemaphore.cpp ****         blockThread(oldThread);
 277              		.loc 1 61 9 is_stmt 1
 278              	.LBB72:
 279              	.LBB73:
  34:src/../h/TCB.hpp ****     Context* getContext() { return &context; }
 280              		.loc 2 34 24
  34:src/../h/TCB.hpp ****     Context* getContext() { return &context; }
 281              		.loc 2 34 30 is_stmt 0
 282 0118 23B40904 		sd	zero,72(s3)
 283              	.LVL24:
 284              	.LBE73:
 285              	.LBE72:
  62:src/KSemaphore.cpp ****         context_switch(oldThread->getContext(), TCB::getRunningThread()->getContext());
 286              		.loc 1 62 9 is_stmt 1
  62:src/KSemaphore.cpp ****         context_switch(oldThread->getContext(), TCB::getRunningThread()->getContext());
 287              		.loc 1 62 20 is_stmt 0
 288 011c 93850900 		mv	a1,s3
 289 0120 13850400 		mv	a0,s1
 290 0124 97000000 		call	_ZN10KSemaphore11blockThreadEP3TCB
 290      E7800000 
 291              	.LVL25:
  63:src/KSemaphore.cpp ****         if(TCB::getRunningThread()->getWakeUpReason() == KernelConfig::WAKE_UP_SEMAPHORE_SIGNAL)
 292              		.loc 1 63 9 is_stmt 1
 293              	.LBB74:
 294              	.LBB75:
  35:src/../h/TCB.hpp ****     void* getUserStack() const { return userStack; }
 295              		.loc 2 35 29
 296              	.LBE75:
 297              	.LBE74:
 298              	.LBB76:
 299              	.LBB77:
  47:src/../h/TCB.hpp ****     static void setRunningThread(TCB* newRunningThread) { running = newRunningThread; }
 300              		.loc 2 47 38
  47:src/../h/TCB.hpp ****     static void setRunningThread(TCB* newRunningThread) { running = newRunningThread; }
 301              		.loc 2 47 45 is_stmt 0
 302 012c 83350900 		ld	a1,0(s2)
 303              	.LVL26:
 304              	.LBE77:
 305              	.LBE76:
 306              	.LBB78:
 307              	.LBB79:
  35:src/../h/TCB.hpp ****     void* getUserStack() const { return userStack; }
 308              		.loc 2 35 29 is_stmt 1
GAS LISTING /tmp/ccDHRDh4.s 			page 9


 309              	.LBE79:
 310              	.LBE78:
  63:src/KSemaphore.cpp ****         if(TCB::getRunningThread()->getWakeUpReason() == KernelConfig::WAKE_UP_SEMAPHORE_SIGNAL)
 311              		.loc 1 63 23 is_stmt 0
 312 0130 93858500 		addi	a1,a1,8
 313 0134 13858900 		addi	a0,s3,8
 314 0138 97000000 		call	context_switch@plt
 314      E7800000 
 315              	.LVL27:
  64:src/KSemaphore.cpp ****         {
 316              		.loc 1 64 9 is_stmt 1
 317              	.LBB80:
 318              	.LBB81:
  47:src/../h/TCB.hpp ****     static void setRunningThread(TCB* newRunningThread) { running = newRunningThread; }
 319              		.loc 2 47 38
  47:src/../h/TCB.hpp ****     static void setRunningThread(TCB* newRunningThread) { running = newRunningThread; }
 320              		.loc 2 47 45 is_stmt 0
 321 0140 83370900 		ld	a5,0(s2)
 322              	.LVL28:
 323              	.LBE81:
 324              	.LBE80:
 325              	.LBB82:
 326              	.LBB83:
  41:src/../h/TCB.hpp ****     void setSemaphoreOnWait (KSemaphore* semaphore) { waitOnSemaphore = semaphore; }
 327              		.loc 2 41 52 is_stmt 1
  41:src/../h/TCB.hpp ****     void setSemaphoreOnWait (KSemaphore* semaphore) { waitOnSemaphore = semaphore; }
 328              		.loc 2 41 59 is_stmt 0
 329 0144 83A74705 		lw	a5,84(a5)
 330              	.LVL29:
 331              	.LBE83:
 332              	.LBE82:
  64:src/KSemaphore.cpp ****         {
 333              		.loc 1 64 9
 334 0148 63860702 		beqz	a5,.L20
  68:src/KSemaphore.cpp ****         {
 335              		.loc 1 68 9 is_stmt 1
 336              	.LBE67:
 337              	.LBE86:
  47:src/../h/TCB.hpp ****     static void setRunningThread(TCB* newRunningThread) { running = newRunningThread; }
 338              		.loc 2 47 38
 339              	.LVL30:
  41:src/../h/TCB.hpp ****     void setSemaphoreOnWait (KSemaphore* semaphore) { waitOnSemaphore = semaphore; }
 340              		.loc 2 41 52
 341              	.LBB87:
 342              	.LBB84:
  68:src/KSemaphore.cpp ****         {
 343              		.loc 1 68 9 is_stmt 0
 344 014c 13071000 		li	a4,1
 345 0150 6386E702 		beq	a5,a4,.L21
 346              	.LBE84:
 347              	.LBE87:
  74:src/KSemaphore.cpp **** }
 348              		.loc 1 74 12
 349 0154 13050000 		li	a0,0
 350              	.L18:
 351              		.loc 1 75 1
 352 0158 83308102 		ld	ra,40(sp)
GAS LISTING /tmp/ccDHRDh4.s 			page 10


 353              		.cfi_remember_state
 354              		.cfi_restore 1
 355 015c 03340102 		ld	s0,32(sp)
 356              		.cfi_restore 8
 357              		.cfi_def_cfa 2, 48
 358 0160 83348101 		ld	s1,24(sp)
 359              		.cfi_restore 9
 360              	.LVL31:
 361 0164 03390101 		ld	s2,16(sp)
 362              		.cfi_restore 18
 363 0168 83398100 		ld	s3,8(sp)
 364              		.cfi_restore 19
 365              	.LVL32:
 366 016c 13010103 		addi	sp,sp,48
 367              		.cfi_def_cfa_offset 0
 368 0170 67800000 		jr	ra
 369              	.LVL33:
 370              	.L20:
 371              		.cfi_restore_state
 372              	.LBB88:
 373              	.LBB85:
  66:src/KSemaphore.cpp ****         }
 374              		.loc 1 66 20
 375 0174 13050000 		li	a0,0
 376 0178 6FF01FFE 		j	.L18
 377              	.L21:
  70:src/KSemaphore.cpp ****         }
 378              		.loc 1 70 21
 379 017c 1305F0FF 		li	a0,-1
 380 0180 6FF09FFD 		j	.L18
 381              	.LBE85:
 382              	.LBE88:
 383              		.cfi_endproc
 384              	.LFE40:
 386              		.align	2
 387              		.globl	_ZN10KSemaphore6signalEv
 389              	_ZN10KSemaphore6signalEv:
 390              	.LFB41:
  76:src/KSemaphore.cpp **** 
  77:src/KSemaphore.cpp **** int KSemaphore::signal()
  78:src/KSemaphore.cpp **** {
 391              		.loc 1 78 1 is_stmt 1
 392              		.cfi_startproc
 393              	.LVL34:
  79:src/KSemaphore.cpp ****     semaphoreVal++;
 394              		.loc 1 79 5
 395 0184 83370500 		ld	a5,0(a0)
 396              		.loc 1 79 17 is_stmt 0
 397 0188 93871700 		addi	a5,a5,1
 398 018c 2330F500 		sd	a5,0(a0)
  80:src/KSemaphore.cpp ****     if(semaphoreVal <= 0)
 399              		.loc 1 80 5 is_stmt 1
 400 0190 6356F000 		blez	a5,.L34
  81:src/KSemaphore.cpp ****     {
  82:src/KSemaphore.cpp ****         return unblockThread(KernelConfig::WAKE_UP_SEMAPHORE_SIGNAL);
  83:src/KSemaphore.cpp ****     }
  84:src/KSemaphore.cpp ****     return 0;
GAS LISTING /tmp/ccDHRDh4.s 			page 11


 401              		.loc 1 84 12 is_stmt 0
 402 0194 13050000 		li	a0,0
 403              	.LVL35:
  85:src/KSemaphore.cpp **** }
 404              		.loc 1 85 1
 405 0198 67800000 		ret
 406              	.LVL36:
 407              	.L34:
  78:src/KSemaphore.cpp ****     semaphoreVal++;
 408              		.loc 1 78 1
 409 019c 130101FF 		addi	sp,sp,-16
 410              		.cfi_def_cfa_offset 16
 411 01a0 23341100 		sd	ra,8(sp)
 412 01a4 23308100 		sd	s0,0(sp)
 413              		.cfi_offset 1, -8
 414              		.cfi_offset 8, -16
 415 01a8 13040101 		addi	s0,sp,16
 416              		.cfi_def_cfa 8, 0
  82:src/KSemaphore.cpp ****     }
 417              		.loc 1 82 9 is_stmt 1
  82:src/KSemaphore.cpp ****     }
 418              		.loc 1 82 29 is_stmt 0
 419 01ac 93050000 		li	a1,0
 420 01b0 97000000 		call	_ZN10KSemaphore13unblockThreadEN12KernelConfig12WakeUpReasonE
 420      E7800000 
 421              	.LVL37:
 422              		.loc 1 85 1
 423 01b8 83308100 		ld	ra,8(sp)
 424              		.cfi_restore 1
 425 01bc 03340100 		ld	s0,0(sp)
 426              		.cfi_restore 8
 427              		.cfi_def_cfa 2, 16
 428 01c0 13010101 		addi	sp,sp,16
 429              		.cfi_def_cfa_offset 0
 430 01c4 67800000 		jr	ra
 431              		.cfi_endproc
 432              	.LFE41:
 434              		.align	2
 435              		.globl	_ZN10KSemaphore5closeEv
 437              	_ZN10KSemaphore5closeEv:
 438              	.LFB42:
  86:src/KSemaphore.cpp **** 
  87:src/KSemaphore.cpp **** int KSemaphore::close()
  88:src/KSemaphore.cpp **** {
 439              		.loc 1 88 1 is_stmt 1
 440              		.cfi_startproc
 441              	.LVL38:
 442 01c8 130101FE 		addi	sp,sp,-32
 443              		.cfi_def_cfa_offset 32
 444 01cc 233C1100 		sd	ra,24(sp)
 445 01d0 23388100 		sd	s0,16(sp)
 446 01d4 23349100 		sd	s1,8(sp)
 447 01d8 23302101 		sd	s2,0(sp)
 448              		.cfi_offset 1, -8
 449              		.cfi_offset 8, -16
 450              		.cfi_offset 9, -24
 451              		.cfi_offset 18, -32
GAS LISTING /tmp/ccDHRDh4.s 			page 12


 452 01dc 13040102 		addi	s0,sp,32
 453              		.cfi_def_cfa 8, 0
 454 01e0 13090500 		mv	s2,a0
  89:src/KSemaphore.cpp ****     TCB* tempThread = headBlockedThread;
 455              		.loc 1 89 5
 456              		.loc 1 89 10 is_stmt 0
 457 01e4 83348500 		ld	s1,8(a0)
 458              	.LVL39:
  90:src/KSemaphore.cpp ****     if(!tempThread)
 459              		.loc 1 90 5 is_stmt 1
 460 01e8 63800402 		beqz	s1,.L38
 461              	.LVL40:
 462              	.L37:
  91:src/KSemaphore.cpp ****     {
  92:src/KSemaphore.cpp ****         return 0;
  93:src/KSemaphore.cpp ****     }
  94:src/KSemaphore.cpp ****     for(;tempThread; tempThread = tempThread->getState())
 463              		.loc 1 94 5 discriminator 2
 464              		.loc 1 94 10 discriminator 2
 465 01ec 63820402 		beqz	s1,.L39
  95:src/KSemaphore.cpp ****     {
  96:src/KSemaphore.cpp ****         unblockThread(KernelConfig::WAKE_UP_SEMAPHORE_CLOSE);
 466              		.loc 1 96 9 discriminator 1
 467              		.loc 1 96 22 is_stmt 0 discriminator 1
 468 01f0 93051000 		li	a1,1
 469 01f4 13050900 		mv	a0,s2
 470 01f8 97000000 		call	_ZN10KSemaphore13unblockThreadEN12KernelConfig12WakeUpReasonE
 470      E7800000 
 471              	.LVL41:
  94:src/KSemaphore.cpp ****     {
 472              		.loc 1 94 5 is_stmt 1 discriminator 1
 473              	.LBB89:
 474              	.LBB90:
  33:src/../h/TCB.hpp ****     void resetState() {state = nullptr; }
 475              		.loc 2 33 29 discriminator 1
  33:src/../h/TCB.hpp ****     void resetState() {state = nullptr; }
 476              		.loc 2 33 36 is_stmt 0 discriminator 1
 477 0200 83B48404 		ld	s1,72(s1)
 478              	.LVL42:
 479              	.LBE90:
 480              	.LBE89:
  94:src/KSemaphore.cpp ****     {
 481              		.loc 1 94 5 discriminator 1
 482 0204 6FF09FFE 		j	.L37
 483              	.LVL43:
 484              	.L38:
  92:src/KSemaphore.cpp ****     }
 485              		.loc 1 92 16
 486 0208 13050000 		li	a0,0
 487              	.LVL44:
 488 020c 6F008000 		j	.L36
 489              	.L39:
  97:src/KSemaphore.cpp ****     }
  98:src/KSemaphore.cpp ****     return -1;
 490              		.loc 1 98 13
 491 0210 1305F0FF 		li	a0,-1
 492              	.L36:
GAS LISTING /tmp/ccDHRDh4.s 			page 13


  99:src/KSemaphore.cpp **** 
 100:src/KSemaphore.cpp **** }
 493              		.loc 1 100 1
 494 0214 83308101 		ld	ra,24(sp)
 495              		.cfi_restore 1
 496 0218 03340101 		ld	s0,16(sp)
 497              		.cfi_restore 8
 498              		.cfi_def_cfa 2, 32
 499 021c 83348100 		ld	s1,8(sp)
 500              		.cfi_restore 9
 501              	.LVL45:
 502 0220 03390100 		ld	s2,0(sp)
 503              		.cfi_restore 18
 504              	.LVL46:
 505 0224 13010102 		addi	sp,sp,32
 506              		.cfi_def_cfa_offset 0
 507 0228 67800000 		jr	ra
 508              		.cfi_endproc
 509              	.LFE42:
 511              		.align	2
 512              		.globl	_ZN10KSemaphore25removeThreadFromWaitQueueEP3TCB
 514              	_ZN10KSemaphore25removeThreadFromWaitQueueEP3TCB:
 515              	.LFB43:
 101:src/KSemaphore.cpp **** void KSemaphore::removeThreadFromWaitQueue(TCB *thread)
 102:src/KSemaphore.cpp **** {
 516              		.loc 1 102 1 is_stmt 1
 517              		.cfi_startproc
 518              	.LVL47:
 519 022c 130101FF 		addi	sp,sp,-16
 520              		.cfi_def_cfa_offset 16
 521 0230 23348100 		sd	s0,8(sp)
 522              		.cfi_offset 8, -8
 523 0234 13040101 		addi	s0,sp,16
 524              		.cfi_def_cfa 8, 0
 103:src/KSemaphore.cpp ****     TCB* currThread = headBlockedThread, *prevThread = nullptr;
 525              		.loc 1 103 5
 526              		.loc 1 103 10 is_stmt 0
 527 0238 83368500 		ld	a3,8(a0)
 528              	.LVL48:
 529 023c 93870600 		mv	a5,a3
 530              		.loc 1 103 43
 531 0240 13070000 		li	a4,0
 532              	.LVL49:
 533              	.L43:
 104:src/KSemaphore.cpp **** 
 105:src/KSemaphore.cpp ****     while(thread != currThread && currThread)
 534              		.loc 1 105 5 is_stmt 1
 535              		.loc 1 105 32
 536 0244 638AB700 		beq	a5,a1,.L42
 537              		.loc 1 105 32 is_stmt 0 discriminator 1
 538 0248 63880700 		beqz	a5,.L42
 106:src/KSemaphore.cpp ****     {
 107:src/KSemaphore.cpp ****         prevThread = currThread;
 539              		.loc 1 107 9 is_stmt 1
 540              	.LVL50:
 108:src/KSemaphore.cpp ****         currThread = currThread->getState();
 541              		.loc 1 108 9
GAS LISTING /tmp/ccDHRDh4.s 			page 14


 542              	.LBB91:
 543              	.LBB92:
  33:src/../h/TCB.hpp ****     void resetState() {state = nullptr; }
 544              		.loc 2 33 29
 545              	.LBE92:
 546              	.LBE91:
 107:src/KSemaphore.cpp ****         currThread = currThread->getState();
 547              		.loc 1 107 20 is_stmt 0
 548 024c 13870700 		mv	a4,a5
 549              		.loc 1 108 42
 550 0250 83B78704 		ld	a5,72(a5)
 551              	.LVL51:
 105:src/KSemaphore.cpp ****     {
 552              		.loc 1 105 5
 553 0254 6FF01FFF 		j	.L43
 554              	.L42:
 109:src/KSemaphore.cpp ****     }
 110:src/KSemaphore.cpp **** 
 111:src/KSemaphore.cpp ****     if(!prevThread)
 555              		.loc 1 111 5 is_stmt 1
 556 0258 63040702 		beqz	a4,.L47
 112:src/KSemaphore.cpp ****     {
 113:src/KSemaphore.cpp ****         headBlockedThread = headBlockedThread->getState();
 114:src/KSemaphore.cpp ****         thread->resetSemaphoreOnWait();
 115:src/KSemaphore.cpp ****         thread->resetState();
 116:src/KSemaphore.cpp ****         if(!headBlockedThread)
 117:src/KSemaphore.cpp ****         {
 118:src/KSemaphore.cpp ****             tailBlockedThread = nullptr;
 119:src/KSemaphore.cpp ****         }
 120:src/KSemaphore.cpp ****     }
 121:src/KSemaphore.cpp ****     else
 122:src/KSemaphore.cpp ****     {
 123:src/KSemaphore.cpp ****         prevThread->addThreadToState(thread->getState());
 557              		.loc 1 123 9
 558              	.LVL52:
 559              	.LBB93:
 560              	.LBB94:
  33:src/../h/TCB.hpp ****     void resetState() {state = nullptr; }
 561              		.loc 2 33 29
  33:src/../h/TCB.hpp ****     void resetState() {state = nullptr; }
 562              		.loc 2 33 36 is_stmt 0
 563 025c 83B78504 		ld	a5,72(a1)
 564              	.LVL53:
 565              	.LBE94:
 566              	.LBE93:
 567              	.LBB95:
 568              	.LBB96:
  32:src/../h/TCB.hpp ****     TCB* getState() const { return state; }
 569              		.loc 2 32 45 is_stmt 1
  32:src/../h/TCB.hpp ****     TCB* getState() const { return state; }
 570              		.loc 2 32 51 is_stmt 0
 571 0260 2334F704 		sd	a5,72(a4)
 572              	.LVL54:
 573              	.LBE96:
 574              	.LBE95:
 124:src/KSemaphore.cpp ****         thread->resetSemaphoreOnWait();
 575              		.loc 1 124 9 is_stmt 1
GAS LISTING /tmp/ccDHRDh4.s 			page 15


 576              	.LBB97:
 577              	.LBB98:
  44:src/../h/TCB.hpp ****     static void dispatch();
 578              		.loc 2 44 35
  44:src/../h/TCB.hpp ****     static void dispatch();
 579              		.loc 2 44 51 is_stmt 0
 580 0264 23B00504 		sd	zero,64(a1)
 581              	.LVL55:
 582              	.LBE98:
 583              	.LBE97:
 125:src/KSemaphore.cpp ****         thread->resetState();
 584              		.loc 1 125 9 is_stmt 1
 585              	.LBB99:
 586              	.LBB100:
  34:src/../h/TCB.hpp ****     Context* getContext() { return &context; }
 587              		.loc 2 34 24
  34:src/../h/TCB.hpp ****     Context* getContext() { return &context; }
 588              		.loc 2 34 30 is_stmt 0
 589 0268 23B40504 		sd	zero,72(a1)
 590              	.LVL56:
 591              	.LBE100:
 592              	.LBE99:
 126:src/KSemaphore.cpp ****         if(thread == tailBlockedThread)
 593              		.loc 1 126 9 is_stmt 1
 594              		.loc 1 126 22 is_stmt 0
 595 026c 83370501 		ld	a5,16(a0)
 596              		.loc 1 126 9
 597 0270 6388B702 		beq	a5,a1,.L48
 598              	.L41:
 127:src/KSemaphore.cpp ****         {
 128:src/KSemaphore.cpp ****             tailBlockedThread = prevThread;
 129:src/KSemaphore.cpp ****         }
 130:src/KSemaphore.cpp ****     }
 131:src/KSemaphore.cpp **** }...
 599              		.loc 1 131 1
 600 0274 03348100 		ld	s0,8(sp)
 601              		.cfi_remember_state
 602              		.cfi_restore 8
 603              		.cfi_def_cfa 2, 16
 604 0278 13010101 		addi	sp,sp,16
 605              		.cfi_def_cfa_offset 0
 606 027c 67800000 		jr	ra
 607              	.LVL57:
 608              	.L47:
 609              		.cfi_restore_state
 113:src/KSemaphore.cpp ****         headBlockedThread = headBlockedThread->getState();
 610              		.loc 1 113 9 is_stmt 1
 611              	.LBB101:
 612              	.LBB102:
  33:src/../h/TCB.hpp ****     void resetState() {state = nullptr; }
 613              		.loc 2 33 29
  33:src/../h/TCB.hpp ****     void resetState() {state = nullptr; }
 614              		.loc 2 33 36 is_stmt 0
 615 0280 83B78604 		ld	a5,72(a3)
 616              	.LVL58:
 617              	.LBE102:
 618              	.LBE101:
GAS LISTING /tmp/ccDHRDh4.s 			page 16


 113:src/KSemaphore.cpp ****         headBlockedThread = headBlockedThread->getState();
 619              		.loc 1 113 27
 620 0284 2334F500 		sd	a5,8(a0)
 114:src/KSemaphore.cpp ****         thread->resetSemaphoreOnWait();
 621              		.loc 1 114 9 is_stmt 1
 622              	.LVL59:
 623              	.LBB103:
 624              	.LBB104:
  44:src/../h/TCB.hpp ****     static void dispatch();
 625              		.loc 2 44 35
  44:src/../h/TCB.hpp ****     static void dispatch();
 626              		.loc 2 44 51 is_stmt 0
 627 0288 23B00504 		sd	zero,64(a1)
 628              	.LVL60:
 629              	.LBE104:
 630              	.LBE103:
 115:src/KSemaphore.cpp ****         thread->resetState();
 631              		.loc 1 115 9 is_stmt 1
 632              	.LBB105:
 633              	.LBB106:
  34:src/../h/TCB.hpp ****     Context* getContext() { return &context; }
 634              		.loc 2 34 24
  34:src/../h/TCB.hpp ****     Context* getContext() { return &context; }
 635              		.loc 2 34 30 is_stmt 0
 636 028c 23B40504 		sd	zero,72(a1)
 637              	.LVL61:
 638              	.LBE106:
 639              	.LBE105:
 116:src/KSemaphore.cpp ****         if(!headBlockedThread)
 640              		.loc 1 116 9 is_stmt 1
 116:src/KSemaphore.cpp ****         if(!headBlockedThread)
 641              		.loc 1 116 13 is_stmt 0
 642 0290 83378500 		ld	a5,8(a0)
 116:src/KSemaphore.cpp ****         if(!headBlockedThread)
 643              		.loc 1 116 9
 644 0294 E39007FE 		bnez	a5,.L41
 118:src/KSemaphore.cpp ****             tailBlockedThread = nullptr;
 645              		.loc 1 118 13 is_stmt 1
 118:src/KSemaphore.cpp ****             tailBlockedThread = nullptr;
 646              		.loc 1 118 31 is_stmt 0
 647 0298 23380500 		sd	zero,16(a0)
 648 029c 6FF09FFD 		j	.L41
 649              	.L48:
 128:src/KSemaphore.cpp ****             tailBlockedThread = prevThread;
 650              		.loc 1 128 13 is_stmt 1
 128:src/KSemaphore.cpp ****             tailBlockedThread = prevThread;
 651              		.loc 1 128 31 is_stmt 0
 652 02a0 2338E500 		sd	a4,16(a0)
 653              		.loc 1 131 1
 654 02a4 6FF01FFD 		j	.L41
 655              		.cfi_endproc
 656              	.LFE43:
 658              	.Letext0:
 659              		.file 3 "src/../h/../lib/hw.h"
 660              		.file 4 "src/../h/Config.hpp"
 661              		.file 5 "src/../h/KSemaphore.hpp"
 662              		.file 6 "src/../h/Scheduler.hpp"
GAS LISTING /tmp/ccDHRDh4.s 			page 17


GAS LISTING /tmp/ccDHRDh4.s 			page 18


DEFINED SYMBOLS
                            *ABS*:0000000000000000 KSemaphore.cpp
     /tmp/ccDHRDh4.s:9      .text:0000000000000000 _ZN10KSemaphore19initializeSemaphoreEjP10ObjectPoolIS_Lm10EE
     /tmp/ccDHRDh4.s:13     .text:0000000000000000 .L0 
     /tmp/ccDHRDh4.s:15     .text:0000000000000000 .L0 
     /tmp/ccDHRDh4.s:16     .text:0000000000000004 .L0 
     /tmp/ccDHRDh4.s:18     .text:0000000000000008 .L0 
     /tmp/ccDHRDh4.s:20     .text:000000000000000c .L0 
     /tmp/ccDHRDh4.s:22     .text:000000000000000c .L0 
     /tmp/ccDHRDh4.s:23     .text:000000000000000c .L0 
     /tmp/ccDHRDh4.s:27     .text:0000000000000014 .L0 
     /tmp/ccDHRDh4.s:29     .text:0000000000000018 .L0 
     /tmp/ccDHRDh4.s:30     .text:0000000000000018 .L0 
     /tmp/ccDHRDh4.s:32     .text:000000000000001c .L0 
     /tmp/ccDHRDh4.s:33     .text:000000000000001c .L0 
     /tmp/ccDHRDh4.s:35     .text:0000000000000020 .L0 
     /tmp/ccDHRDh4.s:36     .text:0000000000000020 .L0 
     /tmp/ccDHRDh4.s:38     .text:0000000000000024 .L0 
     /tmp/ccDHRDh4.s:39     .text:0000000000000028 .L0 
     /tmp/ccDHRDh4.s:40     .text:0000000000000028 .L0 
     /tmp/ccDHRDh4.s:42     .text:000000000000002c .L0 
     /tmp/ccDHRDh4.s:44     .text:0000000000000030 .L0 
     /tmp/ccDHRDh4.s:50     .text:0000000000000030 _ZN10KSemaphore11blockThreadEP3TCB
     /tmp/ccDHRDh4.s:53     .text:0000000000000030 .L0 
     /tmp/ccDHRDh4.s:55     .text:0000000000000030 .L0 
     /tmp/ccDHRDh4.s:56     .text:0000000000000034 .L0 
     /tmp/ccDHRDh4.s:58     .text:0000000000000038 .L0 
     /tmp/ccDHRDh4.s:60     .text:000000000000003c .L0 
     /tmp/ccDHRDh4.s:66     .text:000000000000003c .L0 
     /tmp/ccDHRDh4.s:67     .text:000000000000003c .L0 
     /tmp/ccDHRDh4.s:68     .text:000000000000003c .L0 
     /tmp/ccDHRDh4.s:73     .text:0000000000000040 .L0 
     /tmp/ccDHRDh4.s:74     .text:0000000000000040 .L0 
     /tmp/ccDHRDh4.s:76     .text:0000000000000044 .L0 
     /tmp/ccDHRDh4.s:78     .text:0000000000000048 .L0 
     /tmp/ccDHRDh4.s:83     .text:000000000000004c .L0 
     /tmp/ccDHRDh4.s:84     .text:000000000000004c .L0 
     /tmp/ccDHRDh4.s:90     .text:0000000000000050 .L0 
     /tmp/ccDHRDh4.s:91     .text:0000000000000050 .L0 
     /tmp/ccDHRDh4.s:93     .text:0000000000000054 .L0 
     /tmp/ccDHRDh4.s:94     .text:0000000000000058 .L0 
     /tmp/ccDHRDh4.s:95     .text:0000000000000058 .L0 
     /tmp/ccDHRDh4.s:96     .text:0000000000000058 .L0 
     /tmp/ccDHRDh4.s:98     .text:000000000000005c .L0 
     /tmp/ccDHRDh4.s:101    .text:0000000000000060 .L0 
     /tmp/ccDHRDh4.s:103    .text:0000000000000060 .L0 
     /tmp/ccDHRDh4.s:104    .text:0000000000000060 .L0 
     /tmp/ccDHRDh4.s:106    .text:0000000000000068 .L0 
     /tmp/ccDHRDh4.s:112    .text:0000000000000068 _ZN10KSemaphore13unblockThreadEN12KernelConfig12WakeUpReasonE
     /tmp/ccDHRDh4.s:115    .text:0000000000000068 .L0 
     /tmp/ccDHRDh4.s:117    .text:0000000000000068 .L0 
     /tmp/ccDHRDh4.s:119    .text:000000000000006c .L0 
     /tmp/ccDHRDh4.s:120    .text:000000000000006c .L0 
     /tmp/ccDHRDh4.s:123    .text:0000000000000070 .L0 
     /tmp/ccDHRDh4.s:125    .text:0000000000000074 .L0 
     /tmp/ccDHRDh4.s:126    .text:0000000000000078 .L0 
     /tmp/ccDHRDh4.s:129    .text:0000000000000080 .L0 
GAS LISTING /tmp/ccDHRDh4.s 			page 19


     /tmp/ccDHRDh4.s:130    .text:0000000000000080 .L0 
     /tmp/ccDHRDh4.s:132    .text:0000000000000084 .L0 
     /tmp/ccDHRDh4.s:135    .text:0000000000000084 .L0 
     /tmp/ccDHRDh4.s:138    .text:0000000000000084 .L0 
     /tmp/ccDHRDh4.s:139    .text:0000000000000084 .L0 
     /tmp/ccDHRDh4.s:140    .text:0000000000000084 .L0 
     /tmp/ccDHRDh4.s:145    .text:0000000000000088 .L0 
     /tmp/ccDHRDh4.s:147    .text:000000000000008c .L0 
     /tmp/ccDHRDh4.s:153    .text:0000000000000090 .L0 
     /tmp/ccDHRDh4.s:154    .text:0000000000000090 .L0 
     /tmp/ccDHRDh4.s:155    .text:0000000000000090 .L0 
     /tmp/ccDHRDh4.s:162    .text:0000000000000094 .L0 
     /tmp/ccDHRDh4.s:163    .text:0000000000000094 .L0 
     /tmp/ccDHRDh4.s:164    .text:0000000000000094 .L0 
     /tmp/ccDHRDh4.s:171    .text:0000000000000098 .L0 
     /tmp/ccDHRDh4.s:172    .text:0000000000000098 .L0 
     /tmp/ccDHRDh4.s:173    .text:0000000000000098 .L0 
     /tmp/ccDHRDh4.s:178    .text:000000000000009c .L0 
     /tmp/ccDHRDh4.s:179    .text:000000000000009c .L0 
     /tmp/ccDHRDh4.s:182    .text:00000000000000a4 .L0 
     /tmp/ccDHRDh4.s:183    .text:00000000000000a4 .L0 
     /tmp/ccDHRDh4.s:185    .text:00000000000000a8 .L0 
     /tmp/ccDHRDh4.s:186    .text:00000000000000ac .L0 
     /tmp/ccDHRDh4.s:187    .text:00000000000000ac .L0 
     /tmp/ccDHRDh4.s:189    .text:00000000000000b0 .L0 
     /tmp/ccDHRDh4.s:190    .text:00000000000000b0 .L0 
     /tmp/ccDHRDh4.s:192    .text:00000000000000b4 .L0 
     /tmp/ccDHRDh4.s:196    .text:00000000000000b8 .L0 
     /tmp/ccDHRDh4.s:198    .text:00000000000000b8 .L0 
     /tmp/ccDHRDh4.s:199    .text:00000000000000b8 .L0 
     /tmp/ccDHRDh4.s:203    .text:00000000000000c0 .L0 
     /tmp/ccDHRDh4.s:204    .text:00000000000000c0 .L0 
     /tmp/ccDHRDh4.s:205    .text:00000000000000c0 .L0 
     /tmp/ccDHRDh4.s:207    .text:00000000000000c0 .L0 
     /tmp/ccDHRDh4.s:209    .text:00000000000000c4 .L0 
     /tmp/ccDHRDh4.s:210    .text:00000000000000c8 .L0 
     /tmp/ccDHRDh4.s:216    .text:00000000000000c8 _ZN10KSemaphore4waitEv
     /tmp/ccDHRDh4.s:219    .text:00000000000000c8 .L0 
     /tmp/ccDHRDh4.s:221    .text:00000000000000c8 .L0 
     /tmp/ccDHRDh4.s:222    .text:00000000000000c8 .L0 
     /tmp/ccDHRDh4.s:224    .text:00000000000000cc .L0 
     /tmp/ccDHRDh4.s:228    .text:00000000000000d4 .L0 
     /tmp/ccDHRDh4.s:231    .text:00000000000000d8 .L0 
     /tmp/ccDHRDh4.s:234    .text:00000000000000dc .L0 
     /tmp/ccDHRDh4.s:238    .text:00000000000000e0 .L0 
     /tmp/ccDHRDh4.s:239    .text:00000000000000e4 .L0 
     /tmp/ccDHRDh4.s:245    .text:00000000000000f8 .L0 
     /tmp/ccDHRDh4.s:246    .text:00000000000000f8 .L0 
     /tmp/ccDHRDh4.s:247    .text:00000000000000f8 .L0 
     /tmp/ccDHRDh4.s:248    .text:00000000000000f8 .L0 
     /tmp/ccDHRDh4.s:249    .text:00000000000000f8 .L0 
     /tmp/ccDHRDh4.s:251    .text:00000000000000fc .L0 
     /tmp/ccDHRDh4.s:258    .text:0000000000000100 .L0 
     /tmp/ccDHRDh4.s:259    .text:0000000000000100 .L0 
     /tmp/ccDHRDh4.s:260    .text:0000000000000100 .L0 
     /tmp/ccDHRDh4.s:266    .text:000000000000010c .L0 
     /tmp/ccDHRDh4.s:267    .text:000000000000010c .L0 
GAS LISTING /tmp/ccDHRDh4.s 			page 20


     /tmp/ccDHRDh4.s:272    .text:0000000000000114 .L0 
     /tmp/ccDHRDh4.s:273    .text:0000000000000114 .L0 
     /tmp/ccDHRDh4.s:280    .text:0000000000000118 .L0 
     /tmp/ccDHRDh4.s:281    .text:0000000000000118 .L0 
     /tmp/ccDHRDh4.s:282    .text:0000000000000118 .L0 
     /tmp/ccDHRDh4.s:287    .text:000000000000011c .L0 
     /tmp/ccDHRDh4.s:288    .text:000000000000011c .L0 
     /tmp/ccDHRDh4.s:295    .text:000000000000012c .L0 
     /tmp/ccDHRDh4.s:300    .text:000000000000012c .L0 
     /tmp/ccDHRDh4.s:301    .text:000000000000012c .L0 
     /tmp/ccDHRDh4.s:302    .text:000000000000012c .L0 
     /tmp/ccDHRDh4.s:311    .text:0000000000000130 .L0 
     /tmp/ccDHRDh4.s:312    .text:0000000000000130 .L0 
     /tmp/ccDHRDh4.s:319    .text:0000000000000140 .L0 
     /tmp/ccDHRDh4.s:320    .text:0000000000000140 .L0 
     /tmp/ccDHRDh4.s:321    .text:0000000000000140 .L0 
     /tmp/ccDHRDh4.s:328    .text:0000000000000144 .L0 
     /tmp/ccDHRDh4.s:329    .text:0000000000000144 .L0 
     /tmp/ccDHRDh4.s:334    .text:0000000000000148 .L0 
     /tmp/ccDHRDh4.s:338    .text:000000000000014c .L0 
     /tmp/ccDHRDh4.s:340    .text:000000000000014c .L0 
     /tmp/ccDHRDh4.s:343    .text:000000000000014c .L0 
     /tmp/ccDHRDh4.s:344    .text:000000000000014c .L0 
     /tmp/ccDHRDh4.s:349    .text:0000000000000154 .L0 
     /tmp/ccDHRDh4.s:352    .text:0000000000000158 .L0 
     /tmp/ccDHRDh4.s:353    .text:000000000000015c .L0 
     /tmp/ccDHRDh4.s:354    .text:000000000000015c .L0 
     /tmp/ccDHRDh4.s:356    .text:0000000000000160 .L0 
     /tmp/ccDHRDh4.s:357    .text:0000000000000160 .L0 
     /tmp/ccDHRDh4.s:359    .text:0000000000000164 .L0 
     /tmp/ccDHRDh4.s:362    .text:0000000000000168 .L0 
     /tmp/ccDHRDh4.s:364    .text:000000000000016c .L0 
     /tmp/ccDHRDh4.s:367    .text:0000000000000170 .L0 
     /tmp/ccDHRDh4.s:371    .text:0000000000000174 .L0 
     /tmp/ccDHRDh4.s:375    .text:0000000000000174 .L0 
     /tmp/ccDHRDh4.s:379    .text:000000000000017c .L0 
     /tmp/ccDHRDh4.s:383    .text:0000000000000184 .L0 
     /tmp/ccDHRDh4.s:389    .text:0000000000000184 _ZN10KSemaphore6signalEv
     /tmp/ccDHRDh4.s:392    .text:0000000000000184 .L0 
     /tmp/ccDHRDh4.s:394    .text:0000000000000184 .L0 
     /tmp/ccDHRDh4.s:395    .text:0000000000000184 .L0 
     /tmp/ccDHRDh4.s:397    .text:0000000000000188 .L0 
     /tmp/ccDHRDh4.s:400    .text:0000000000000190 .L0 
     /tmp/ccDHRDh4.s:402    .text:0000000000000194 .L0 
     /tmp/ccDHRDh4.s:405    .text:0000000000000198 .L0 
     /tmp/ccDHRDh4.s:409    .text:000000000000019c .L0 
     /tmp/ccDHRDh4.s:410    .text:00000000000001a0 .L0 
     /tmp/ccDHRDh4.s:413    .text:00000000000001a8 .L0 
     /tmp/ccDHRDh4.s:414    .text:00000000000001a8 .L0 
     /tmp/ccDHRDh4.s:416    .text:00000000000001ac .L0 
     /tmp/ccDHRDh4.s:418    .text:00000000000001ac .L0 
     /tmp/ccDHRDh4.s:419    .text:00000000000001ac .L0 
     /tmp/ccDHRDh4.s:423    .text:00000000000001b8 .L0 
     /tmp/ccDHRDh4.s:424    .text:00000000000001bc .L0 
     /tmp/ccDHRDh4.s:426    .text:00000000000001c0 .L0 
     /tmp/ccDHRDh4.s:427    .text:00000000000001c0 .L0 
     /tmp/ccDHRDh4.s:429    .text:00000000000001c4 .L0 
GAS LISTING /tmp/ccDHRDh4.s 			page 21


     /tmp/ccDHRDh4.s:431    .text:00000000000001c8 .L0 
     /tmp/ccDHRDh4.s:437    .text:00000000000001c8 _ZN10KSemaphore5closeEv
     /tmp/ccDHRDh4.s:440    .text:00000000000001c8 .L0 
     /tmp/ccDHRDh4.s:442    .text:00000000000001c8 .L0 
     /tmp/ccDHRDh4.s:443    .text:00000000000001cc .L0 
     /tmp/ccDHRDh4.s:448    .text:00000000000001dc .L0 
     /tmp/ccDHRDh4.s:449    .text:00000000000001dc .L0 
     /tmp/ccDHRDh4.s:450    .text:00000000000001dc .L0 
     /tmp/ccDHRDh4.s:451    .text:00000000000001dc .L0 
     /tmp/ccDHRDh4.s:453    .text:00000000000001e0 .L0 
     /tmp/ccDHRDh4.s:456    .text:00000000000001e4 .L0 
     /tmp/ccDHRDh4.s:457    .text:00000000000001e4 .L0 
     /tmp/ccDHRDh4.s:460    .text:00000000000001e8 .L0 
     /tmp/ccDHRDh4.s:464    .text:00000000000001ec .L0 
     /tmp/ccDHRDh4.s:465    .text:00000000000001ec .L0 
     /tmp/ccDHRDh4.s:467    .text:00000000000001f0 .L0 
     /tmp/ccDHRDh4.s:468    .text:00000000000001f0 .L0 
     /tmp/ccDHRDh4.s:475    .text:0000000000000200 .L0 
     /tmp/ccDHRDh4.s:476    .text:0000000000000200 .L0 
     /tmp/ccDHRDh4.s:477    .text:0000000000000200 .L0 
     /tmp/ccDHRDh4.s:482    .text:0000000000000204 .L0 
     /tmp/ccDHRDh4.s:486    .text:0000000000000208 .L0 
     /tmp/ccDHRDh4.s:491    .text:0000000000000210 .L0 
     /tmp/ccDHRDh4.s:494    .text:0000000000000214 .L0 
     /tmp/ccDHRDh4.s:495    .text:0000000000000218 .L0 
     /tmp/ccDHRDh4.s:497    .text:000000000000021c .L0 
     /tmp/ccDHRDh4.s:498    .text:000000000000021c .L0 
     /tmp/ccDHRDh4.s:500    .text:0000000000000220 .L0 
     /tmp/ccDHRDh4.s:503    .text:0000000000000224 .L0 
     /tmp/ccDHRDh4.s:506    .text:0000000000000228 .L0 
     /tmp/ccDHRDh4.s:508    .text:000000000000022c .L0 
     /tmp/ccDHRDh4.s:514    .text:000000000000022c _ZN10KSemaphore25removeThreadFromWaitQueueEP3TCB
     /tmp/ccDHRDh4.s:517    .text:000000000000022c .L0 
     /tmp/ccDHRDh4.s:519    .text:000000000000022c .L0 
     /tmp/ccDHRDh4.s:520    .text:0000000000000230 .L0 
     /tmp/ccDHRDh4.s:522    .text:0000000000000234 .L0 
     /tmp/ccDHRDh4.s:524    .text:0000000000000238 .L0 
     /tmp/ccDHRDh4.s:526    .text:0000000000000238 .L0 
     /tmp/ccDHRDh4.s:527    .text:0000000000000238 .L0 
     /tmp/ccDHRDh4.s:531    .text:0000000000000240 .L0 
     /tmp/ccDHRDh4.s:535    .text:0000000000000244 .L0 
     /tmp/ccDHRDh4.s:536    .text:0000000000000244 .L0 
     /tmp/ccDHRDh4.s:538    .text:0000000000000248 .L0 
     /tmp/ccDHRDh4.s:541    .text:000000000000024c .L0 
     /tmp/ccDHRDh4.s:544    .text:000000000000024c .L0 
     /tmp/ccDHRDh4.s:547    .text:000000000000024c .L0 
     /tmp/ccDHRDh4.s:548    .text:000000000000024c .L0 
     /tmp/ccDHRDh4.s:550    .text:0000000000000250 .L0 
     /tmp/ccDHRDh4.s:553    .text:0000000000000254 .L0 
     /tmp/ccDHRDh4.s:556    .text:0000000000000258 .L0 
     /tmp/ccDHRDh4.s:561    .text:000000000000025c .L0 
     /tmp/ccDHRDh4.s:562    .text:000000000000025c .L0 
     /tmp/ccDHRDh4.s:563    .text:000000000000025c .L0 
     /tmp/ccDHRDh4.s:570    .text:0000000000000260 .L0 
     /tmp/ccDHRDh4.s:571    .text:0000000000000260 .L0 
     /tmp/ccDHRDh4.s:578    .text:0000000000000264 .L0 
     /tmp/ccDHRDh4.s:579    .text:0000000000000264 .L0 
GAS LISTING /tmp/ccDHRDh4.s 			page 22


     /tmp/ccDHRDh4.s:580    .text:0000000000000264 .L0 
     /tmp/ccDHRDh4.s:587    .text:0000000000000268 .L0 
     /tmp/ccDHRDh4.s:588    .text:0000000000000268 .L0 
     /tmp/ccDHRDh4.s:589    .text:0000000000000268 .L0 
     /tmp/ccDHRDh4.s:594    .text:000000000000026c .L0 
     /tmp/ccDHRDh4.s:595    .text:000000000000026c .L0 
     /tmp/ccDHRDh4.s:597    .text:0000000000000270 .L0 
     /tmp/ccDHRDh4.s:600    .text:0000000000000274 .L0 
     /tmp/ccDHRDh4.s:601    .text:0000000000000278 .L0 
     /tmp/ccDHRDh4.s:602    .text:0000000000000278 .L0 
     /tmp/ccDHRDh4.s:603    .text:0000000000000278 .L0 
     /tmp/ccDHRDh4.s:605    .text:000000000000027c .L0 
     /tmp/ccDHRDh4.s:609    .text:0000000000000280 .L0 
     /tmp/ccDHRDh4.s:613    .text:0000000000000280 .L0 
     /tmp/ccDHRDh4.s:614    .text:0000000000000280 .L0 
     /tmp/ccDHRDh4.s:615    .text:0000000000000280 .L0 
     /tmp/ccDHRDh4.s:620    .text:0000000000000284 .L0 
     /tmp/ccDHRDh4.s:625    .text:0000000000000288 .L0 
     /tmp/ccDHRDh4.s:626    .text:0000000000000288 .L0 
     /tmp/ccDHRDh4.s:627    .text:0000000000000288 .L0 
     /tmp/ccDHRDh4.s:634    .text:000000000000028c .L0 
     /tmp/ccDHRDh4.s:635    .text:000000000000028c .L0 
     /tmp/ccDHRDh4.s:636    .text:000000000000028c .L0 
     /tmp/ccDHRDh4.s:641    .text:0000000000000290 .L0 
     /tmp/ccDHRDh4.s:642    .text:0000000000000290 .L0 
     /tmp/ccDHRDh4.s:644    .text:0000000000000294 .L0 
     /tmp/ccDHRDh4.s:646    .text:0000000000000298 .L0 
     /tmp/ccDHRDh4.s:647    .text:0000000000000298 .L0 
     /tmp/ccDHRDh4.s:651    .text:00000000000002a0 .L0 
     /tmp/ccDHRDh4.s:652    .text:00000000000002a0 .L0 
     /tmp/ccDHRDh4.s:654    .text:00000000000002a4 .L0 
     /tmp/ccDHRDh4.s:655    .text:00000000000002a8 .L0 
     /tmp/ccDHRDh4.s:663    .text:00000000000002a8 .L0 
     /tmp/ccDHRDh4.s:260    .text:0000000000000100 .L0 
     /tmp/ccDHRDh4.s:100    .text:0000000000000060 .L7
     /tmp/ccDHRDh4.s:86     .text:0000000000000050 .L5
     /tmp/ccDHRDh4.s:202    .text:00000000000000c0 .L11
     /tmp/ccDHRDh4.s:195    .text:00000000000000b8 .L16
     /tmp/ccDHRDh4.s:148    .text:0000000000000090 .L10
     /tmp/ccDHRDh4.s:236    .text:00000000000000e0 .L26
     /tmp/ccDHRDh4.s:370    .text:0000000000000174 .L20
     /tmp/ccDHRDh4.s:377    .text:000000000000017c .L21
     /tmp/ccDHRDh4.s:350    .text:0000000000000158 .L18
     /tmp/ccDHRDh4.s:407    .text:000000000000019c .L34
     /tmp/ccDHRDh4.s:484    .text:0000000000000208 .L38
     /tmp/ccDHRDh4.s:489    .text:0000000000000210 .L39
     /tmp/ccDHRDh4.s:462    .text:00000000000001ec .L37
     /tmp/ccDHRDh4.s:492    .text:0000000000000214 .L36
     /tmp/ccDHRDh4.s:554    .text:0000000000000258 .L42
     /tmp/ccDHRDh4.s:533    .text:0000000000000244 .L43
     /tmp/ccDHRDh4.s:608    .text:0000000000000280 .L47
     /tmp/ccDHRDh4.s:649    .text:00000000000002a0 .L48
     /tmp/ccDHRDh4.s:598    .text:0000000000000274 .L41
     /tmp/ccDHRDh4.s:2296   .debug_abbrev:0000000000000000 .Ldebug_abbrev0
     /tmp/ccDHRDh4.s:4023   .debug_str:000000000000088f .LASF138
     /tmp/ccDHRDh4.s:3883   .debug_str:00000000000003d3 .LASF139
     /tmp/ccDHRDh4.s:4031   .debug_str:000000000000097d .LASF140
GAS LISTING /tmp/ccDHRDh4.s 			page 23


     /tmp/ccDHRDh4.s:5      .text:0000000000000000 .Ltext0
     /tmp/ccDHRDh4.s:658    .text:00000000000002a8 .Letext0
     /tmp/ccDHRDh4.s:3769   .debug_line:0000000000000000 .Ldebug_line0
     /tmp/ccDHRDh4.s:3879   .debug_str:00000000000003a3 .LASF0
     /tmp/ccDHRDh4.s:3897   .debug_str:0000000000000446 .LASF1
     /tmp/ccDHRDh4.s:3969   .debug_str:00000000000006fc .LASF2
     /tmp/ccDHRDh4.s:3977   .debug_str:0000000000000730 .LASF4
     /tmp/ccDHRDh4.s:3889   .debug_str:00000000000003fe .LASF3
     /tmp/ccDHRDh4.s:3783   .debug_str:000000000000006c .LASF5
     /tmp/ccDHRDh4.s:3945   .debug_str:000000000000060e .LASF6
     /tmp/ccDHRDh4.s:3893   .debug_str:000000000000042b .LASF7
     /tmp/ccDHRDh4.s:3853   .debug_str:00000000000002c2 .LASF8
     /tmp/ccDHRDh4.s:3857   .debug_str:00000000000002df .LASF9
     /tmp/ccDHRDh4.s:3813   .debug_str:0000000000000166 .LASF10
     /tmp/ccDHRDh4.s:3843   .debug_str:000000000000027e .LASF11
     /tmp/ccDHRDh4.s:3821   .debug_str:00000000000001a6 .LASF12
     /tmp/ccDHRDh4.s:3811   .debug_str:0000000000000156 .LASF13
     /tmp/ccDHRDh4.s:3999   .debug_str:00000000000007f7 .LASF14
     /tmp/ccDHRDh4.s:3835   .debug_str:0000000000000241 .LASF15
     /tmp/ccDHRDh4.s:3993   .debug_str:00000000000007b9 .LASF16
     /tmp/ccDHRDh4.s:4027   .debug_str:000000000000095d .LASF141
     /tmp/ccDHRDh4.s:4045   .debug_str:0000000000000a12 .LASF17
     /tmp/ccDHRDh4.s:3805   .debug_str:0000000000000121 .LASF18
     /tmp/ccDHRDh4.s:4033   .debug_str:00000000000009a0 .LASF19
     /tmp/ccDHRDh4.s:4021   .debug_str:000000000000087c .LASF20
     /tmp/ccDHRDh4.s:3995   .debug_str:00000000000007cf .LASF21
     /tmp/ccDHRDh4.s:3943   .debug_str:00000000000005f4 .LASF22
     /tmp/ccDHRDh4.s:3919   .debug_str:0000000000000530 .LASF25
     /tmp/ccDHRDh4.s:3825   .debug_str:000000000000021d .LASF23
     /tmp/ccDHRDh4.s:3911   .debug_str:00000000000004bd .LASF24
     /tmp/ccDHRDh4.s:3859   .debug_str:00000000000002ed .LASF26
     /tmp/ccDHRDh4.s:3807   .debug_str:000000000000013b .LASF27
     /tmp/ccDHRDh4.s:3837   .debug_str:0000000000000257 .LASF28
     /tmp/ccDHRDh4.s:3887   .debug_str:00000000000003f1 .LASF142
     /tmp/ccDHRDh4.s:3953   .debug_str:000000000000064f .LASF29
     /tmp/ccDHRDh4.s:3903   .debug_str:0000000000000470 .LASF30
     /tmp/ccDHRDh4.s:3905   .debug_str:0000000000000488 .LASF31
     /tmp/ccDHRDh4.s:4003   .debug_str:0000000000000811 .LASF32
     /tmp/ccDHRDh4.s:3963   .debug_str:00000000000006b2 .LASF33
     /tmp/ccDHRDh4.s:3961   .debug_str:00000000000006a7 .LASF38
     /tmp/ccDHRDh4.s:3865   .debug_str:000000000000031a .LASF40
     /tmp/ccDHRDh4.s:3909   .debug_str:00000000000004a9 .LASF34
     /tmp/ccDHRDh4.s:3913   .debug_str:00000000000004c5 .LASF36
     /tmp/ccDHRDh4.s:3987   .debug_str:000000000000077a .LASF35
     /tmp/ccDHRDh4.s:3803   .debug_str:00000000000000f0 .LASF37
     /tmp/ccDHRDh4.s:3841   .debug_str:0000000000000270 .LASF39
     /tmp/ccDHRDh4.s:3789   .debug_str:000000000000008e .LASF41
     /tmp/ccDHRDh4.s:3829   .debug_str:000000000000022d .LASF42
     /tmp/ccDHRDh4.s:3985   .debug_str:0000000000000763 .LASF43
     /tmp/ccDHRDh4.s:4007   .debug_str:0000000000000834 .LASF44
     /tmp/ccDHRDh4.s:3927   .debug_str:000000000000056b .LASF45
     /tmp/ccDHRDh4.s:3785   .debug_str:0000000000000073 .LASF46
     /tmp/ccDHRDh4.s:4037   .debug_str:00000000000009bb .LASF47
     /tmp/ccDHRDh4.s:3773   .debug_str:0000000000000011 .LASF88
     /tmp/ccDHRDh4.s:3881   .debug_str:00000000000003b0 .LASF90
     /tmp/ccDHRDh4.s:3929   .debug_str:0000000000000584 .LASF48
     /tmp/ccDHRDh4.s:3965   .debug_str:00000000000006b7 .LASF49
GAS LISTING /tmp/ccDHRDh4.s 			page 24


     /tmp/ccDHRDh4.s:3855   .debug_str:00000000000002d2 .LASF50
     /tmp/ccDHRDh4.s:4071   .debug_str:0000000000000b59 .LASF51
     /tmp/ccDHRDh4.s:3781   .debug_str:000000000000005a .LASF52
     /tmp/ccDHRDh4.s:4073   .debug_str:0000000000000b6b .LASF53
     /tmp/ccDHRDh4.s:3941   .debug_str:00000000000005d9 .LASF115
     /tmp/ccDHRDh4.s:4009   .debug_str:000000000000083b .LASF70
     /tmp/ccDHRDh4.s:4017   .debug_str:000000000000086f .LASF54
     /tmp/ccDHRDh4.s:3817   .debug_str:000000000000018a .LASF143
     /tmp/ccDHRDh4.s:3771   .debug_str:0000000000000000 .LASF55
     /tmp/ccDHRDh4.s:3823   .debug_str:00000000000001b6 .LASF56
     /tmp/ccDHRDh4.s:3935   .debug_str:00000000000005ab .LASF69
     /tmp/ccDHRDh4.s:3901   .debug_str:0000000000000463 .LASF57
     /tmp/ccDHRDh4.s:4041   .debug_str:00000000000009e3 .LASF58
     /tmp/ccDHRDh4.s:4011   .debug_str:0000000000000843 .LASF59
     /tmp/ccDHRDh4.s:3923   .debug_str:0000000000000546 .LASF60
     /tmp/ccDHRDh4.s:4049   .debug_str:0000000000000a48 .LASF61
     /tmp/ccDHRDh4.s:4075   .debug_str:0000000000000b76 .LASF62
     /tmp/ccDHRDh4.s:3991   .debug_str:00000000000007a8 .LASF63
     /tmp/ccDHRDh4.s:3915   .debug_str:0000000000000502 .LASF64
     /tmp/ccDHRDh4.s:3983   .debug_str:000000000000075a .LASF65
     /tmp/ccDHRDh4.s:3989   .debug_str:0000000000000794 .LASF66
     /tmp/ccDHRDh4.s:3885   .debug_str:00000000000003e6 .LASF67
     /tmp/ccDHRDh4.s:4015   .debug_str:0000000000000859 .LASF68
     /tmp/ccDHRDh4.s:3871   .debug_str:000000000000034f .LASF71
     /tmp/ccDHRDh4.s:4043   .debug_str:00000000000009fc .LASF72
     /tmp/ccDHRDh4.s:3797   .debug_str:00000000000000cf .LASF73
     /tmp/ccDHRDh4.s:3863   .debug_str:0000000000000301 .LASF74
     /tmp/ccDHRDh4.s:3861   .debug_str:00000000000002f2 .LASF75
     /tmp/ccDHRDh4.s:3891   .debug_str:0000000000000410 .LASF76
     /tmp/ccDHRDh4.s:3777   .debug_str:0000000000000022 .LASF77
     /tmp/ccDHRDh4.s:3819   .debug_str:0000000000000196 .LASF78
     /tmp/ccDHRDh4.s:4069   .debug_str:0000000000000b21 .LASF79
     /tmp/ccDHRDh4.s:4067   .debug_str:0000000000000b11 .LASF80
     /tmp/ccDHRDh4.s:3957   .debug_str:000000000000067b .LASF81
     /tmp/ccDHRDh4.s:4029   .debug_str:000000000000096a .LASF82
     /tmp/ccDHRDh4.s:4055   .debug_str:0000000000000a85 .LASF83
     /tmp/ccDHRDh4.s:4061   .debug_str:0000000000000ad8 .LASF84
     /tmp/ccDHRDh4.s:3779   .debug_str:000000000000003b .LASF85
     /tmp/ccDHRDh4.s:3951   .debug_str:000000000000063a .LASF86
     /tmp/ccDHRDh4.s:3877   .debug_str:0000000000000383 .LASF87
     /tmp/ccDHRDh4.s:3827   .debug_str:0000000000000224 .LASF96
     /tmp/ccDHRDh4.s:3955   .debug_str:0000000000000668 .LASF98
     /tmp/ccDHRDh4.s:3959   .debug_str:0000000000000696 .LASF92
     /tmp/ccDHRDh4.s:3849   .debug_str:000000000000029c .LASF94
     /tmp/ccDHRDh4.s:3809   .debug_str:0000000000000145 .LASF89
     /tmp/ccDHRDh4.s:3939   .debug_str:00000000000005bb .LASF91
     /tmp/ccDHRDh4.s:3925   .debug_str:000000000000055d .LASF93
     /tmp/ccDHRDh4.s:3979   .debug_str:0000000000000737 .LASF95
     /tmp/ccDHRDh4.s:4057   .debug_str:0000000000000aaf .LASF97
     /tmp/ccDHRDh4.s:3867   .debug_str:000000000000032e .LASF99
     /tmp/ccDHRDh4.s:3997   .debug_str:00000000000007e3 .LASF100
     /tmp/ccDHRDh4.s:4047   .debug_str:0000000000000a29 .LASF101
     /tmp/ccDHRDh4.s:3775   .debug_str:000000000000001d .LASF102
     /tmp/ccDHRDh4.s:3895   .debug_str:000000000000043e .LASF103
     /tmp/ccDHRDh4.s:3921   .debug_str:000000000000053c .LASF104
     /tmp/ccDHRDh4.s:4051   .debug_str:0000000000000a56 .LASF105
     /tmp/ccDHRDh4.s:4025   .debug_str:0000000000000953 .LASF106
GAS LISTING /tmp/ccDHRDh4.s 			page 25


     /tmp/ccDHRDh4.s:3899   .debug_str:0000000000000459 .LASF107
     /tmp/ccDHRDh4.s:4005   .debug_str:0000000000000824 .LASF108
     /tmp/ccDHRDh4.s:3831   .debug_str:0000000000000232 .LASF109
     /tmp/ccDHRDh4.s:4035   .debug_str:00000000000009b2 .LASF110
     /tmp/ccDHRDh4.s:3839   .debug_str:0000000000000263 .LASF111
     /tmp/ccDHRDh4.s:4019   .debug_str:0000000000000874 .LASF112
     /tmp/ccDHRDh4.s:3933   .debug_str:00000000000005a0 .LASF113
     /tmp/ccDHRDh4.s:3799   .debug_str:00000000000000dc .LASF144
     /tmp/ccDHRDh4.s:4059   .debug_str:0000000000000abf .LASF145
     /tmp/ccDHRDh4.s:3801   .debug_str:00000000000000ea .LASF146
     /tmp/ccDHRDh4.s:3787   .debug_str:0000000000000079 .LASF147
     /tmp/ccDHRDh4.s:3833   .debug_str:0000000000000238 .LASF114
     /tmp/ccDHRDh4.s:3947   .debug_str:0000000000000621 .LASF116
     /tmp/ccDHRDh4.s:3851   .debug_str:00000000000002b8 .LASF117
     /tmp/ccDHRDh4.s:4063   .debug_str:0000000000000aeb .LASF118
     /tmp/ccDHRDh4.s:3815   .debug_str:0000000000000175 .LASF119
     /tmp/ccDHRDh4.s:3971   .debug_str:000000000000070a .LASF148
     /tmp/ccDHRDh4.s:3975   .debug_str:000000000000071b .LASF149
     /tmp/ccDHRDh4.s:3873   .debug_str:000000000000035a .LASF150
     /tmp/ccDHRDh4.s:4065   .debug_str:0000000000000afd .LASF151
     /tmp/ccDHRDh4.s:3931   .debug_str:0000000000000592 .LASF120
     /tmp/ccDHRDh4.s:4053   .debug_str:0000000000000a62 .LASF121
     /tmp/ccDHRDh4.s:4039   .debug_str:00000000000009d3 .LASF122
     /tmp/ccDHRDh4.s:3917   .debug_str:0000000000000520 .LASF123
     /tmp/ccDHRDh4.s:3795   .debug_str:00000000000000c4 .LASF124
     /tmp/ccDHRDh4.s:515    .text:000000000000022c .LFB43
     /tmp/ccDHRDh4.s:656    .text:00000000000002a8 .LFE43
     /tmp/ccDHRDh4.s:3847   .debug_str:0000000000000297 .LASF127
     /tmp/ccDHRDh4.s:3967   .debug_str:00000000000006f5 .LASF130
     /tmp/ccDHRDh4.s:3791   .debug_str:00000000000000af .LASF125
     /tmp/ccDHRDh4.s:3388   .debug_loc:0000000000000000 .LLST22
     /tmp/ccDHRDh4.s:4013   .debug_str:000000000000084e .LASF126
     /tmp/ccDHRDh4.s:3412   .debug_loc:0000000000000071 .LLST23
     /tmp/ccDHRDh4.s:542    .text:000000000000024c .LBB91
     /tmp/ccDHRDh4.s:546    .text:000000000000024c .LBE91
     /tmp/ccDHRDh4.s:559    .text:000000000000025c .LBB93
     /tmp/ccDHRDh4.s:566    .text:0000000000000260 .LBE93
     /tmp/ccDHRDh4.s:3432   .debug_loc:00000000000000ce .LLST24
     /tmp/ccDHRDh4.s:567    .text:0000000000000260 .LBB95
     /tmp/ccDHRDh4.s:574    .text:0000000000000264 .LBE95
     /tmp/ccDHRDh4.s:3439   .debug_loc:00000000000000f1 .LLST25
     /tmp/ccDHRDh4.s:3446   .debug_loc:0000000000000114 .LLST26
     /tmp/ccDHRDh4.s:576    .text:0000000000000264 .LBB97
     /tmp/ccDHRDh4.s:583    .text:0000000000000268 .LBE97
     /tmp/ccDHRDh4.s:3453   .debug_loc:0000000000000137 .LLST27
     /tmp/ccDHRDh4.s:585    .text:0000000000000268 .LBB99
     /tmp/ccDHRDh4.s:592    .text:000000000000026c .LBE99
     /tmp/ccDHRDh4.s:3460   .debug_loc:000000000000015a .LLST28
     /tmp/ccDHRDh4.s:611    .text:0000000000000280 .LBB101
     /tmp/ccDHRDh4.s:618    .text:0000000000000284 .LBE101
     /tmp/ccDHRDh4.s:3467   .debug_loc:000000000000017d .LLST29
     /tmp/ccDHRDh4.s:623    .text:0000000000000288 .LBB103
     /tmp/ccDHRDh4.s:630    .text:000000000000028c .LBE103
     /tmp/ccDHRDh4.s:3474   .debug_loc:00000000000001a0 .LLST30
     /tmp/ccDHRDh4.s:632    .text:000000000000028c .LBB105
     /tmp/ccDHRDh4.s:639    .text:0000000000000290 .LBE105
     /tmp/ccDHRDh4.s:3481   .debug_loc:00000000000001c3 .LLST31
GAS LISTING /tmp/ccDHRDh4.s 			page 26


     /tmp/ccDHRDh4.s:438    .text:00000000000001c8 .LFB42
     /tmp/ccDHRDh4.s:509    .text:000000000000022c .LFE42
     /tmp/ccDHRDh4.s:3488   .debug_loc:00000000000001e6 .LLST19
     /tmp/ccDHRDh4.s:3937   .debug_str:00000000000005b0 .LASF128
     /tmp/ccDHRDh4.s:3514   .debug_loc:0000000000000258 .LLST20
     /tmp/ccDHRDh4.s:473    .text:0000000000000200 .LBB89
     /tmp/ccDHRDh4.s:480    .text:0000000000000204 .LBE89
     /tmp/ccDHRDh4.s:3521   .debug_loc:000000000000027b .LLST21
     /tmp/ccDHRDh4.s:471    .text:0000000000000200 .LVL41
     /tmp/ccDHRDh4.s:390    .text:0000000000000184 .LFB41
     /tmp/ccDHRDh4.s:432    .text:00000000000001c8 .LFE41
     /tmp/ccDHRDh4.s:3528   .debug_loc:000000000000029e .LLST18
     /tmp/ccDHRDh4.s:421    .text:00000000000001b8 .LVL37
     /tmp/ccDHRDh4.s:217    .text:00000000000000c8 .LFB40
     /tmp/ccDHRDh4.s:384    .text:0000000000000184 .LFE40
     /tmp/ccDHRDh4.s:3553   .debug_loc:0000000000000300 .LLST13
     /tmp/ccDHRDh4.s:3759   .debug_ranges:0000000000000000 .Ldebug_ranges0
     /tmp/ccDHRDh4.s:3793   .debug_str:00000000000000ba .LASF129
     /tmp/ccDHRDh4.s:3586   .debug_loc:0000000000000388 .LLST14
     /tmp/ccDHRDh4.s:256    .text:0000000000000100 .LBB68
     /tmp/ccDHRDh4.s:264    .text:000000000000010c .LBE68
     /tmp/ccDHRDh4.s:269    .text:0000000000000114 .LBB70
     /tmp/ccDHRDh4.s:276    .text:0000000000000118 .LBE70
     /tmp/ccDHRDh4.s:3597   .debug_loc:00000000000003be .LLST15
     /tmp/ccDHRDh4.s:278    .text:0000000000000118 .LBB72
     /tmp/ccDHRDh4.s:285    .text:000000000000011c .LBE72
     /tmp/ccDHRDh4.s:3604   .debug_loc:00000000000003e1 .LLST16
     /tmp/ccDHRDh4.s:293    .text:000000000000012c .LBB74
     /tmp/ccDHRDh4.s:297    .text:000000000000012c .LBE74
     /tmp/ccDHRDh4.s:298    .text:000000000000012c .LBB76
     /tmp/ccDHRDh4.s:305    .text:0000000000000130 .LBE76
     /tmp/ccDHRDh4.s:306    .text:0000000000000130 .LBB78
     /tmp/ccDHRDh4.s:310    .text:0000000000000130 .LBE78
     /tmp/ccDHRDh4.s:317    .text:0000000000000140 .LBB80
     /tmp/ccDHRDh4.s:324    .text:0000000000000144 .LBE80
     /tmp/ccDHRDh4.s:325    .text:0000000000000144 .LBB82
     /tmp/ccDHRDh4.s:332    .text:0000000000000148 .LBE82
     /tmp/ccDHRDh4.s:3611   .debug_loc:0000000000000404 .LLST17
     /tmp/ccDHRDh4.s:268    .text:0000000000000114 .LVL22
     /tmp/ccDHRDh4.s:291    .text:000000000000012c .LVL25
     /tmp/ccDHRDh4.s:315    .text:0000000000000140 .LVL27
     /tmp/ccDHRDh4.s:113    .text:0000000000000068 .LFB39
     /tmp/ccDHRDh4.s:211    .text:00000000000000c8 .LFE39
     /tmp/ccDHRDh4.s:3618   .debug_loc:0000000000000427 .LLST5
     /tmp/ccDHRDh4.s:3973   .debug_str:0000000000000714 .LASF131
     /tmp/ccDHRDh4.s:3640   .debug_loc:0000000000000486 .LLST6
     /tmp/ccDHRDh4.s:3658   .debug_loc:00000000000004d2 .LLST7
     /tmp/ccDHRDh4.s:136    .text:0000000000000084 .LBB58
     /tmp/ccDHRDh4.s:143    .text:0000000000000088 .LBE58
     /tmp/ccDHRDh4.s:3669   .debug_loc:0000000000000508 .LLST8
     /tmp/ccDHRDh4.s:151    .text:0000000000000090 .LBB60
     /tmp/ccDHRDh4.s:158    .text:0000000000000094 .LBE60
     /tmp/ccDHRDh4.s:3676   .debug_loc:000000000000052b .LLST9
     /tmp/ccDHRDh4.s:3683   .debug_loc:000000000000054e .LLST10
     /tmp/ccDHRDh4.s:160    .text:0000000000000094 .LBB62
     /tmp/ccDHRDh4.s:167    .text:0000000000000098 .LBE62
     /tmp/ccDHRDh4.s:3690   .debug_loc:0000000000000571 .LLST11
GAS LISTING /tmp/ccDHRDh4.s 			page 27


     /tmp/ccDHRDh4.s:169    .text:0000000000000098 .LBB64
     /tmp/ccDHRDh4.s:176    .text:000000000000009c .LBE64
     /tmp/ccDHRDh4.s:3697   .debug_loc:0000000000000594 .LLST12
     /tmp/ccDHRDh4.s:180    .text:00000000000000a4 .LVL15
     /tmp/ccDHRDh4.s:51     .text:0000000000000030 .LFB38
     /tmp/ccDHRDh4.s:107    .text:0000000000000068 .LFE38
     /tmp/ccDHRDh4.s:4001   .debug_str:0000000000000803 .LASF132
     /tmp/ccDHRDh4.s:63     .text:000000000000003c .LBB54
     /tmp/ccDHRDh4.s:71     .text:0000000000000040 .LBE54
     /tmp/ccDHRDh4.s:3704   .debug_loc:00000000000005b7 .LLST1
     /tmp/ccDHRDh4.s:3711   .debug_loc:00000000000005da .LLST2
     /tmp/ccDHRDh4.s:80     .text:000000000000004c .LBB56
     /tmp/ccDHRDh4.s:88     .text:0000000000000050 .LBE56
     /tmp/ccDHRDh4.s:3718   .debug_loc:00000000000005fd .LLST3
     /tmp/ccDHRDh4.s:3725   .debug_loc:0000000000000620 .LLST4
     /tmp/ccDHRDh4.s:10     .text:0000000000000000 .LFB37
     /tmp/ccDHRDh4.s:45     .text:0000000000000030 .LFE37
     /tmp/ccDHRDh4.s:3869   .debug_str:0000000000000349 .LASF133
     /tmp/ccDHRDh4.s:3732   .debug_loc:0000000000000643 .LLST0
     /tmp/ccDHRDh4.s:3949   .debug_str:0000000000000635 .LASF134
     /tmp/ccDHRDh4.s:3875   .debug_str:0000000000000372 .LASF135
     /tmp/ccDHRDh4.s:3845   .debug_str:000000000000028d .LASF136
     /tmp/ccDHRDh4.s:3981   .debug_str:0000000000000750 .LASF137
     /tmp/ccDHRDh4.s:3907   .debug_str:000000000000049a .LASF152
     /tmp/ccDHRDh4.s:528    .text:000000000000023c .LVL48
     /tmp/ccDHRDh4.s:532    .text:0000000000000244 .LVL49
     /tmp/ccDHRDh4.s:540    .text:000000000000024c .LVL50
     /tmp/ccDHRDh4.s:551    .text:0000000000000254 .LVL51
     /tmp/ccDHRDh4.s:564    .text:0000000000000260 .LVL53
     /tmp/ccDHRDh4.s:607    .text:0000000000000280 .LVL57
     /tmp/ccDHRDh4.s:616    .text:0000000000000284 .LVL58
     /tmp/ccDHRDh4.s:558    .text:000000000000025c .LVL52
     /tmp/ccDHRDh4.s:572    .text:0000000000000264 .LVL54
     /tmp/ccDHRDh4.s:581    .text:0000000000000268 .LVL55
     /tmp/ccDHRDh4.s:590    .text:000000000000026c .LVL56
     /tmp/ccDHRDh4.s:622    .text:0000000000000288 .LVL59
     /tmp/ccDHRDh4.s:628    .text:000000000000028c .LVL60
     /tmp/ccDHRDh4.s:637    .text:0000000000000290 .LVL61
     /tmp/ccDHRDh4.s:441    .text:00000000000001c8 .LVL38
     /tmp/ccDHRDh4.s:461    .text:00000000000001ec .LVL40
     /tmp/ccDHRDh4.s:483    .text:0000000000000208 .LVL43
     /tmp/ccDHRDh4.s:487    .text:000000000000020c .LVL44
     /tmp/ccDHRDh4.s:504    .text:0000000000000224 .LVL46
     /tmp/ccDHRDh4.s:458    .text:00000000000001e8 .LVL39
     /tmp/ccDHRDh4.s:501    .text:0000000000000220 .LVL45
     /tmp/ccDHRDh4.s:478    .text:0000000000000204 .LVL42
     /tmp/ccDHRDh4.s:393    .text:0000000000000184 .LVL34
     /tmp/ccDHRDh4.s:403    .text:0000000000000198 .LVL35
     /tmp/ccDHRDh4.s:406    .text:000000000000019c .LVL36
     /tmp/ccDHRDh4.s:220    .text:00000000000000c8 .LVL18
     /tmp/ccDHRDh4.s:232    .text:00000000000000dc .LVL19
     /tmp/ccDHRDh4.s:235    .text:00000000000000e0 .LVL20
     /tmp/ccDHRDh4.s:360    .text:0000000000000164 .LVL31
     /tmp/ccDHRDh4.s:369    .text:0000000000000174 .LVL33
     /tmp/ccDHRDh4.s:262    .text:000000000000010c .LVL21
     /tmp/ccDHRDh4.s:365    .text:000000000000016c .LVL32
     /tmp/ccDHRDh4.s:274    .text:0000000000000118 .LVL23
GAS LISTING /tmp/ccDHRDh4.s 			page 28


     /tmp/ccDHRDh4.s:283    .text:000000000000011c .LVL24
     /tmp/ccDHRDh4.s:322    .text:0000000000000144 .LVL28
     /tmp/ccDHRDh4.s:330    .text:0000000000000148 .LVL29
     /tmp/ccDHRDh4.s:116    .text:0000000000000068 .LVL7
     /tmp/ccDHRDh4.s:121    .text:0000000000000070 .LVL8
     /tmp/ccDHRDh4.s:194    .text:00000000000000b8 .LVL16
     /tmp/ccDHRDh4.s:134    .text:0000000000000084 .LVL9
     /tmp/ccDHRDh4.s:201    .text:00000000000000c0 .LVL17
     /tmp/ccDHRDh4.s:141    .text:0000000000000088 .LVL10
     /tmp/ccDHRDh4.s:150    .text:0000000000000090 .LVL11
     /tmp/ccDHRDh4.s:156    .text:0000000000000094 .LVL12
     /tmp/ccDHRDh4.s:165    .text:0000000000000098 .LVL13
     /tmp/ccDHRDh4.s:174    .text:000000000000009c .LVL14
     /tmp/ccDHRDh4.s:62     .text:000000000000003c .LVL3
     /tmp/ccDHRDh4.s:69     .text:0000000000000040 .LVL4
     /tmp/ccDHRDh4.s:79     .text:000000000000004c .LVL5
     /tmp/ccDHRDh4.s:85     .text:0000000000000050 .LVL6
     /tmp/ccDHRDh4.s:14     .text:0000000000000000 .LVL0
     /tmp/ccDHRDh4.s:24     .text:0000000000000010 .LVL1
     /tmp/ccDHRDh4.s:664    .debug_info:0000000000000000 .Ldebug_info0
     /tmp/ccDHRDh4.s:254    .text:0000000000000100 .LBB67
     /tmp/ccDHRDh4.s:336    .text:000000000000014c .LBE67
     /tmp/ccDHRDh4.s:342    .text:000000000000014c .LBB84
     /tmp/ccDHRDh4.s:346    .text:0000000000000154 .LBE84
     /tmp/ccDHRDh4.s:373    .text:0000000000000174 .LBB85
     /tmp/ccDHRDh4.s:381    .text:0000000000000184 .LBE85

UNDEFINED SYMBOLS
_ZN9Scheduler3putEP3TCB
_ZN3TCB7runningE
_ZN9Scheduler3getEv
context_switch
