GAS LISTING /tmp/ccAfP2mR.s 			page 1


   1              		.file	"Machine.cpp"
   2              		.option pic
   3              		.option norelax
   4              		.text
   5              	.Ltext0:
   6              	.Letext0:
   7              		.file 1 "src/../h/../lib/hw.h"
GAS LISTING /tmp/ccAfP2mR.s 			page 2


DEFINED SYMBOLS
                            *ABS*:0000000000000000 Machine.cpp
     /tmp/ccAfP2mR.s:130    .debug_abbrev:0000000000000000 .Ldebug_abbrev0
     /tmp/ccAfP2mR.s:284    .debug_str:00000000000000b6 .LASF17
     /tmp/ccAfP2mR.s:270    .debug_str:0000000000000045 .LASF18
     /tmp/ccAfP2mR.s:294    .debug_str:00000000000001bd .LASF19
     /tmp/ccAfP2mR.s:258    .debug_line:0000000000000000 .Ldebug_line0
     /tmp/ccAfP2mR.s:286    .debug_str:000000000000017a .LASF0
     /tmp/ccAfP2mR.s:280    .debug_str:0000000000000097 .LASF1
     /tmp/ccAfP2mR.s:276    .debug_str:0000000000000077 .LASF2
     /tmp/ccAfP2mR.s:266    .debug_str:0000000000000028 .LASF4
     /tmp/ccAfP2mR.s:278    .debug_str:0000000000000085 .LASF3
     /tmp/ccAfP2mR.s:262    .debug_str:0000000000000013 .LASF5
     /tmp/ccAfP2mR.s:260    .debug_str:0000000000000000 .LASF6
     /tmp/ccAfP2mR.s:272    .debug_str:0000000000000055 .LASF7
     /tmp/ccAfP2mR.s:288    .debug_str:0000000000000187 .LASF8
     /tmp/ccAfP2mR.s:264    .debug_str:000000000000001a .LASF9
     /tmp/ccAfP2mR.s:298    .debug_str:00000000000001f0 .LASF10
     /tmp/ccAfP2mR.s:274    .debug_str:0000000000000068 .LASF11
     /tmp/ccAfP2mR.s:296    .debug_str:00000000000001e0 .LASF12
     /tmp/ccAfP2mR.s:292    .debug_str:00000000000001ad .LASF13
     /tmp/ccAfP2mR.s:282    .debug_str:00000000000000aa .LASF14
     /tmp/ccAfP2mR.s:268    .debug_str:000000000000002f .LASF15
     /tmp/ccAfP2mR.s:290    .debug_str:0000000000000197 .LASF16
     /tmp/ccAfP2mR.s:9      .debug_info:0000000000000000 .Ldebug_info0

NO UNDEFINED SYMBOLS
