GAS LISTING /tmp/ccb0kg4I.s 			page 1


   1              		.file	"PriorityQueue.cpp"
   2              		.option pic
   3              		.option norelax
   4              		.text
   5              	.Ltext0:
   6              	.Letext0:
   7              		.file 1 "src/../h/../lib/hw.h"
GAS LISTING /tmp/ccb0kg4I.s 			page 2


DEFINED SYMBOLS
                            *ABS*:0000000000000000 PriorityQueue.cpp
     /tmp/ccb0kg4I.s:138    .debug_abbrev:0000000000000000 .Ldebug_abbrev0
     /tmp/ccb0kg4I.s:303    .debug_str:00000000000000ab .LASF18
     /tmp/ccb0kg4I.s:307    .debug_str:000000000000017c .LASF19
     /tmp/ccb0kg4I.s:315    .debug_str:00000000000001c8 .LASF20
     /tmp/ccb0kg4I.s:277    .debug_line:0000000000000000 .Ldebug_line0
     /tmp/ccb0kg4I.s:305    .debug_str:000000000000016f .LASF0
     /tmp/ccb0kg4I.s:299    .debug_str:000000000000008c .LASF1
     /tmp/ccb0kg4I.s:295    .debug_str:000000000000006c .LASF2
     /tmp/ccb0kg4I.s:285    .debug_str:0000000000000028 .LASF4
     /tmp/ccb0kg4I.s:297    .debug_str:000000000000007a .LASF3
     /tmp/ccb0kg4I.s:281    .debug_str:0000000000000013 .LASF5
     /tmp/ccb0kg4I.s:279    .debug_str:0000000000000000 .LASF6
     /tmp/ccb0kg4I.s:291    .debug_str:000000000000004a .LASF7
     /tmp/ccb0kg4I.s:309    .debug_str:0000000000000192 .LASF8
     /tmp/ccb0kg4I.s:283    .debug_str:000000000000001a .LASF9
     /tmp/ccb0kg4I.s:319    .debug_str:00000000000001fb .LASF10
     /tmp/ccb0kg4I.s:293    .debug_str:000000000000005d .LASF11
     /tmp/ccb0kg4I.s:317    .debug_str:00000000000001eb .LASF12
     /tmp/ccb0kg4I.s:313    .debug_str:00000000000001b8 .LASF13
     /tmp/ccb0kg4I.s:301    .debug_str:000000000000009f .LASF14
     /tmp/ccb0kg4I.s:289    .debug_str:0000000000000034 .LASF15
     /tmp/ccb0kg4I.s:311    .debug_str:00000000000001a2 .LASF16
     /tmp/ccb0kg4I.s:287    .debug_str:000000000000002f .LASF17
     /tmp/ccb0kg4I.s:9      .debug_info:0000000000000000 .Ldebug_info0

NO UNDEFINED SYMBOLS
