GAS LISTING /tmp/ccyqbHmQ.s 			page 1


   1              		.file	"syscall_c.cpp"
   2              		.option pic
   3              		.option norelax
   4              		.text
   5              	.Ltext0:
   6              		.align	2
   7              		.globl	_Z9mem_allocm
   9              	_Z9mem_allocm:
  10              	.LFB0:
  11              		.file 1 "src/syscall_c.cpp"
   1:src/syscall_c.cpp **** //
   2:src/syscall_c.cpp **** // Created by os on 12/1/25.
   3:src/syscall_c.cpp **** //
   4:src/syscall_c.cpp **** 
   5:src/syscall_c.cpp **** #include "../h/syscall_c.hpp"
   6:src/syscall_c.cpp **** #include "../h/MemoryAllocator.hpp"
   7:src/syscall_c.cpp **** #include "../h/Config.hpp"
   8:src/syscall_c.cpp **** 
   9:src/syscall_c.cpp **** 
  10:src/syscall_c.cpp **** typedef struct Arguments
  11:src/syscall_c.cpp **** {
  12:src/syscall_c.cpp ****     uint64 a0, a1, a2, a3, a4, a5, a6, a7;
  13:src/syscall_c.cpp **** } Arguments;
  14:src/syscall_c.cpp **** 
  15:src/syscall_c.cpp **** 
  16:src/syscall_c.cpp **** 
  17:src/syscall_c.cpp **** extern "C" uint64 system_call(Arguments* arg);
  18:src/syscall_c.cpp **** 
  19:src/syscall_c.cpp **** void* mem_alloc(size_t size)
  20:src/syscall_c.cpp **** {
  12              		.loc 1 20 1
  13              		.cfi_startproc
  14              	.LVL0:
  15 0000 130101FA 		addi	sp,sp,-96
  16              		.cfi_def_cfa_offset 96
  17 0004 233C1104 		sd	ra,88(sp)
  18 0008 23388104 		sd	s0,80(sp)
  19 000c 23349104 		sd	s1,72(sp)
  20 0010 23302105 		sd	s2,64(sp)
  21              		.cfi_offset 1, -8
  22              		.cfi_offset 8, -16
  23              		.cfi_offset 9, -24
  24              		.cfi_offset 18, -32
  25 0014 13040106 		addi	s0,sp,96
  26              		.cfi_def_cfa 8, 0
  27 0018 93040500 		mv	s1,a0
  21:src/syscall_c.cpp ****     uint64 size_of_blocks = (size + MemoryAllocator::getSizeOfMetaData()) / MEM_BLOCK_SIZE;
  28              		.loc 1 21 5
  29              		.loc 1 21 71 is_stmt 0
  30 001c 97000000 		call	_ZN15MemoryAllocator17getSizeOfMetaDataEv@plt
  30      E7800000 
  31              	.LVL1:
  32              		.loc 1 21 35
  33 0024 33099500 		add	s2,a0,s1
  34              		.loc 1 21 77
  35 0028 13596900 		srli	s2,s2,6
  36              	.LVL2:
GAS LISTING /tmp/ccyqbHmQ.s 			page 2


  22:src/syscall_c.cpp ****     size_of_blocks += (size + MemoryAllocator::getSizeOfMetaData()) % MEM_BLOCK_SIZE ? 1: 0;
  37              		.loc 1 22 5 is_stmt 1
  38              		.loc 1 22 65 is_stmt 0
  39 002c 97000000 		call	_ZN15MemoryAllocator17getSizeOfMetaDataEv@plt
  39      E7800000 
  40              	.LVL3:
  41              		.loc 1 22 29
  42 0034 B384A400 		add	s1,s1,a0
  43              	.LVL4:
  44              		.loc 1 22 69
  45 0038 93F4F403 		andi	s1,s1,63
  46              		.loc 1 22 86
  47 003c 638A0404 		beqz	s1,.L3
  48 0040 13051000 		li	a0,1
  49              	.L2:
  50              		.loc 1 22 20 discriminator 5
  51 0044 33092501 		add	s2,a0,s2
  52              	.LVL5:
  23:src/syscall_c.cpp ****     Arguments arg = {KernelConfig::MEM_ALLOC, size_of_blocks, 0, 0, 0, 0, 0, 0};
  53              		.loc 1 23 5 is_stmt 1 discriminator 5
  54              		.loc 1 23 15 is_stmt 0 discriminator 5
  55 0048 233804FA 		sd	zero,-80(s0)
  56 004c 233C04FA 		sd	zero,-72(s0)
  57 0050 233004FC 		sd	zero,-64(s0)
  58 0054 233404FC 		sd	zero,-56(s0)
  59 0058 233804FC 		sd	zero,-48(s0)
  60 005c 233C04FC 		sd	zero,-40(s0)
  61 0060 93071000 		li	a5,1
  62 0064 2330F4FA 		sd	a5,-96(s0)
  63              		.loc 1 23 79 discriminator 5
  64 0068 233424FB 		sd	s2,-88(s0)
  24:src/syscall_c.cpp ****     return (void*) system_call(&arg);
  65              		.loc 1 24 5 is_stmt 1 discriminator 5
  66              		.loc 1 24 31 is_stmt 0 discriminator 5
  67 006c 130504FA 		addi	a0,s0,-96
  68 0070 97000000 		call	system_call@plt
  68      E7800000 
  69              	.LVL6:
  25:src/syscall_c.cpp **** }
  70              		.loc 1 25 1 discriminator 5
  71 0078 83308105 		ld	ra,88(sp)
  72              		.cfi_remember_state
  73              		.cfi_restore 1
  74 007c 03340105 		ld	s0,80(sp)
  75              		.cfi_restore 8
  76              		.cfi_def_cfa 2, 96
  77 0080 83348104 		ld	s1,72(sp)
  78              		.cfi_restore 9
  79 0084 03390104 		ld	s2,64(sp)
  80              		.cfi_restore 18
  81              	.LVL7:
  82 0088 13010106 		addi	sp,sp,96
  83              		.cfi_def_cfa_offset 0
  84 008c 67800000 		jr	ra
  85              	.LVL8:
  86              	.L3:
  87              		.cfi_restore_state
GAS LISTING /tmp/ccyqbHmQ.s 			page 3


  22:src/syscall_c.cpp ****     Arguments arg = {KernelConfig::MEM_ALLOC, size_of_blocks, 0, 0, 0, 0, 0, 0};
  88              		.loc 1 22 86
  89 0090 13050000 		li	a0,0
  90 0094 6FF01FFB 		j	.L2
  91              		.cfi_endproc
  92              	.LFE0:
  94              		.align	2
  95              		.globl	_Z8mem_freePv
  97              	_Z8mem_freePv:
  98              	.LFB1:
  26:src/syscall_c.cpp **** 
  27:src/syscall_c.cpp **** int mem_free(void* obj)
  28:src/syscall_c.cpp **** {   Arguments arg = {KernelConfig::MEM_FREE, (uint64)obj, 0, 0, 0, 0, 0, 0};
  99              		.loc 1 28 1 is_stmt 1
 100              		.cfi_startproc
 101              	.LVL9:
 102 0098 130101FB 		addi	sp,sp,-80
 103              		.cfi_def_cfa_offset 80
 104 009c 23341104 		sd	ra,72(sp)
 105 00a0 23308104 		sd	s0,64(sp)
 106              		.cfi_offset 1, -8
 107              		.cfi_offset 8, -16
 108 00a4 13040105 		addi	s0,sp,80
 109              		.cfi_def_cfa 8, 0
 110              		.loc 1 28 5
 111              		.loc 1 28 15 is_stmt 0
 112 00a8 233004FC 		sd	zero,-64(s0)
 113 00ac 233404FC 		sd	zero,-56(s0)
 114 00b0 233804FC 		sd	zero,-48(s0)
 115 00b4 233C04FC 		sd	zero,-40(s0)
 116 00b8 233004FE 		sd	zero,-32(s0)
 117 00bc 233404FE 		sd	zero,-24(s0)
 118 00c0 93072000 		li	a5,2
 119 00c4 2338F4FA 		sd	a5,-80(s0)
 120              		.loc 1 28 75
 121 00c8 233CA4FA 		sd	a0,-72(s0)
  29:src/syscall_c.cpp ****     return (int) system_call(&arg);
 122              		.loc 1 29 5 is_stmt 1
 123              		.loc 1 29 29 is_stmt 0
 124 00cc 130504FB 		addi	a0,s0,-80
 125              	.LVL10:
 126 00d0 97000000 		call	system_call@plt
 126      E7800000 
 127              	.LVL11:
  30:src/syscall_c.cpp **** }
 128              		.loc 1 30 1
 129 00d8 1B050500 		sext.w	a0,a0
 130 00dc 83308104 		ld	ra,72(sp)
 131              		.cfi_restore 1
 132 00e0 03340104 		ld	s0,64(sp)
 133              		.cfi_restore 8
 134              		.cfi_def_cfa 2, 80
 135 00e4 13010105 		addi	sp,sp,80
 136              		.cfi_def_cfa_offset 0
 137 00e8 67800000 		jr	ra
 138              		.cfi_endproc
 139              	.LFE1:
GAS LISTING /tmp/ccyqbHmQ.s 			page 4


 141              		.align	2
 142              		.globl	_Z18mem_get_free_spacev
 144              	_Z18mem_get_free_spacev:
 145              	.LFB2:
  31:src/syscall_c.cpp **** 
  32:src/syscall_c.cpp **** size_t mem_get_free_space()
  33:src/syscall_c.cpp **** {
 146              		.loc 1 33 1 is_stmt 1
 147              		.cfi_startproc
 148 00ec 130101FB 		addi	sp,sp,-80
 149              		.cfi_def_cfa_offset 80
 150 00f0 23341104 		sd	ra,72(sp)
 151 00f4 23308104 		sd	s0,64(sp)
 152              		.cfi_offset 1, -8
 153              		.cfi_offset 8, -16
 154 00f8 13040105 		addi	s0,sp,80
 155              		.cfi_def_cfa 8, 0
  34:src/syscall_c.cpp ****     Arguments arg = {KernelConfig::MEM_FREE_SPACE, 0, 0, 0, 0, 0, 0, 0};
 156              		.loc 1 34 5
 157              		.loc 1 34 15 is_stmt 0
 158 00fc 93073000 		li	a5,3
 159 0100 2338F4FA 		sd	a5,-80(s0)
 160 0104 233C04FA 		sd	zero,-72(s0)
 161 0108 233004FC 		sd	zero,-64(s0)
 162 010c 233404FC 		sd	zero,-56(s0)
 163 0110 233804FC 		sd	zero,-48(s0)
 164 0114 233C04FC 		sd	zero,-40(s0)
 165 0118 233004FE 		sd	zero,-32(s0)
 166 011c 233404FE 		sd	zero,-24(s0)
  35:src/syscall_c.cpp ****     return (size_t) system_call(&arg);
 167              		.loc 1 35 5 is_stmt 1
 168              		.loc 1 35 32 is_stmt 0
 169 0120 130504FB 		addi	a0,s0,-80
 170 0124 97000000 		call	system_call@plt
 170      E7800000 
 171              	.LVL12:
  36:src/syscall_c.cpp **** }
 172              		.loc 1 36 1
 173 012c 83308104 		ld	ra,72(sp)
 174              		.cfi_restore 1
 175 0130 03340104 		ld	s0,64(sp)
 176              		.cfi_restore 8
 177              		.cfi_def_cfa 2, 80
 178 0134 13010105 		addi	sp,sp,80
 179              		.cfi_def_cfa_offset 0
 180 0138 67800000 		jr	ra
 181              		.cfi_endproc
 182              	.LFE2:
 184              		.align	2
 185              		.globl	_Z26mem_get_largest_free_blockv
 187              	_Z26mem_get_largest_free_blockv:
 188              	.LFB3:
  37:src/syscall_c.cpp **** size_t mem_get_largest_free_block()
  38:src/syscall_c.cpp **** {
 189              		.loc 1 38 1 is_stmt 1
 190              		.cfi_startproc
 191 013c 130101FB 		addi	sp,sp,-80
GAS LISTING /tmp/ccyqbHmQ.s 			page 5


 192              		.cfi_def_cfa_offset 80
 193 0140 23341104 		sd	ra,72(sp)
 194 0144 23308104 		sd	s0,64(sp)
 195              		.cfi_offset 1, -8
 196              		.cfi_offset 8, -16
 197 0148 13040105 		addi	s0,sp,80
 198              		.cfi_def_cfa 8, 0
  39:src/syscall_c.cpp ****     Arguments arg = {KernelConfig::LARGEST_FREE_BLOCK, 0, 0, 0, 0, 0, 0, 0};
 199              		.loc 1 39 5
 200              		.loc 1 39 15 is_stmt 0
 201 014c 93074000 		li	a5,4
 202 0150 2338F4FA 		sd	a5,-80(s0)
 203 0154 233C04FA 		sd	zero,-72(s0)
 204 0158 233004FC 		sd	zero,-64(s0)
 205 015c 233404FC 		sd	zero,-56(s0)
 206 0160 233804FC 		sd	zero,-48(s0)
 207 0164 233C04FC 		sd	zero,-40(s0)
 208 0168 233004FE 		sd	zero,-32(s0)
 209 016c 233404FE 		sd	zero,-24(s0)
  40:src/syscall_c.cpp ****     return (size_t) system_call(&arg);
 210              		.loc 1 40 5 is_stmt 1
 211              		.loc 1 40 32 is_stmt 0
 212 0170 130504FB 		addi	a0,s0,-80
 213 0174 97000000 		call	system_call@plt
 213      E7800000 
 214              	.LVL13:
  41:src/syscall_c.cpp **** }
 215              		.loc 1 41 1
 216 017c 83308104 		ld	ra,72(sp)
 217              		.cfi_restore 1
 218 0180 03340104 		ld	s0,64(sp)
 219              		.cfi_restore 8
 220              		.cfi_def_cfa 2, 80
 221 0184 13010105 		addi	sp,sp,80
 222              		.cfi_def_cfa_offset 0
 223 0188 67800000 		jr	ra
 224              		.cfi_endproc
 225              	.LFE3:
 227              		.align	2
 228              		.globl	_Z13thread_createPP3TCBPFvPvES2_
 230              	_Z13thread_createPP3TCBPFvPvES2_:
 231              	.LFB4:
  42:src/syscall_c.cpp **** 
  43:src/syscall_c.cpp **** int thread_create(thread_t* handle, void(*start_routine)(void*), void* argOfRoutine)
  44:src/syscall_c.cpp **** {
 232              		.loc 1 44 1 is_stmt 1
 233              		.cfi_startproc
 234              	.LVL14:
 235 018c 130101F9 		addi	sp,sp,-112
 236              		.cfi_def_cfa_offset 112
 237 0190 23341106 		sd	ra,104(sp)
 238 0194 23308106 		sd	s0,96(sp)
 239 0198 233C9104 		sd	s1,88(sp)
 240 019c 23382105 		sd	s2,80(sp)
 241 01a0 23343105 		sd	s3,72(sp)
 242              		.cfi_offset 1, -8
 243              		.cfi_offset 8, -16
GAS LISTING /tmp/ccyqbHmQ.s 			page 6


 244              		.cfi_offset 9, -24
 245              		.cfi_offset 18, -32
 246              		.cfi_offset 19, -40
 247 01a4 13040107 		addi	s0,sp,112
 248              		.cfi_def_cfa 8, 0
 249 01a8 93090500 		mv	s3,a0
 250 01ac 13890500 		mv	s2,a1
 251 01b0 93040600 		mv	s1,a2
  45:src/syscall_c.cpp ****     uint8* threadStack = (uint8*)mem_alloc(DEFAULT_STACK_SIZE);
 252              		.loc 1 45 5
 253              		.loc 1 45 43 is_stmt 0
 254 01b4 37150000 		li	a0,4096
 255              	.LVL15:
 256 01b8 97000000 		call	_Z9mem_allocm
 256      E7800000 
 257              	.LVL16:
  46:src/syscall_c.cpp ****     if(threadStack == nullptr)
 258              		.loc 1 46 5 is_stmt 1
 259 01c0 630E0504 		beqz	a0,.L13
  47:src/syscall_c.cpp ****     {
  48:src/syscall_c.cpp ****         return -1;
  49:src/syscall_c.cpp ****     }
  50:src/syscall_c.cpp **** 
  51:src/syscall_c.cpp ****     Arguments arg = {(uint64)KernelConfig::THREAD_CREATE, (uint64)handle, (uint64)start_routine, (u
 260              		.loc 1 51 5
 261              		.loc 1 51 15 is_stmt 0
 262 01c4 233C04FA 		sd	zero,-72(s0)
 263 01c8 233004FC 		sd	zero,-64(s0)
 264 01cc 233404FC 		sd	zero,-56(s0)
 265 01d0 93071001 		li	a5,17
 266 01d4 2338F4F8 		sd	a5,-112(s0)
 267              		.loc 1 51 171
 268 01d8 233C34F9 		sd	s3,-104(s0)
 269 01dc 233024FB 		sd	s2,-96(s0)
 270 01e0 233494FA 		sd	s1,-88(s0)
 271              		.loc 1 51 129
 272 01e4 B7170000 		li	a5,4096
 273 01e8 3305F500 		add	a0,a0,a5
 274              	.LVL17:
 275              		.loc 1 51 171
 276 01ec 2338A4FA 		sd	a0,-80(s0)
  52:src/syscall_c.cpp **** 
  53:src/syscall_c.cpp ****     return (int) system_call(&arg);
 277              		.loc 1 53 5 is_stmt 1
 278              		.loc 1 53 29 is_stmt 0
 279 01f0 130504F9 		addi	a0,s0,-112
 280              	.LVL18:
 281 01f4 97000000 		call	system_call@plt
 281      E7800000 
 282              	.LVL19:
 283              		.loc 1 53 34
 284 01fc 1B050500 		sext.w	a0,a0
 285              	.L12:
  54:src/syscall_c.cpp **** }
 286              		.loc 1 54 1
 287 0200 83308106 		ld	ra,104(sp)
 288              		.cfi_remember_state
GAS LISTING /tmp/ccyqbHmQ.s 			page 7


 289              		.cfi_restore 1
 290 0204 03340106 		ld	s0,96(sp)
 291              		.cfi_restore 8
 292              		.cfi_def_cfa 2, 112
 293 0208 83348105 		ld	s1,88(sp)
 294              		.cfi_restore 9
 295              	.LVL20:
 296 020c 03390105 		ld	s2,80(sp)
 297              		.cfi_restore 18
 298              	.LVL21:
 299 0210 83398104 		ld	s3,72(sp)
 300              		.cfi_restore 19
 301              	.LVL22:
 302 0214 13010107 		addi	sp,sp,112
 303              		.cfi_def_cfa_offset 0
 304 0218 67800000 		jr	ra
 305              	.LVL23:
 306              	.L13:
 307              		.cfi_restore_state
  48:src/syscall_c.cpp ****     }
 308              		.loc 1 48 17
 309 021c 1305F0FF 		li	a0,-1
 310              	.LVL24:
 311 0220 6FF01FFE 		j	.L12
 312              		.cfi_endproc
 313              	.LFE4:
 315              		.align	2
 316              		.globl	_Z15thread_dispatchv
 318              	_Z15thread_dispatchv:
 319              	.LFB5:
  55:src/syscall_c.cpp **** 
  56:src/syscall_c.cpp **** void thread_dispatch()
  57:src/syscall_c.cpp **** {
 320              		.loc 1 57 1 is_stmt 1
 321              		.cfi_startproc
 322 0224 130101FB 		addi	sp,sp,-80
 323              		.cfi_def_cfa_offset 80
 324 0228 23341104 		sd	ra,72(sp)
 325 022c 23308104 		sd	s0,64(sp)
 326              		.cfi_offset 1, -8
 327              		.cfi_offset 8, -16
 328 0230 13040105 		addi	s0,sp,80
 329              		.cfi_def_cfa 8, 0
  58:src/syscall_c.cpp ****     Arguments arg = {KernelConfig::THREAD_DISPATCH, 0, 0, 0, 0, 0, 0, 0};
 330              		.loc 1 58 5
 331              		.loc 1 58 15 is_stmt 0
 332 0234 93073001 		li	a5,19
 333 0238 2338F4FA 		sd	a5,-80(s0)
 334 023c 233C04FA 		sd	zero,-72(s0)
 335 0240 233004FC 		sd	zero,-64(s0)
 336 0244 233404FC 		sd	zero,-56(s0)
 337 0248 233804FC 		sd	zero,-48(s0)
 338 024c 233C04FC 		sd	zero,-40(s0)
 339 0250 233004FE 		sd	zero,-32(s0)
 340 0254 233404FE 		sd	zero,-24(s0)
  59:src/syscall_c.cpp ****     system_call(&arg);
 341              		.loc 1 59 5 is_stmt 1
GAS LISTING /tmp/ccyqbHmQ.s 			page 8


 342              		.loc 1 59 16 is_stmt 0
 343 0258 130504FB 		addi	a0,s0,-80
 344 025c 97000000 		call	system_call@plt
 344      E7800000 
 345              	.LVL25:
  60:src/syscall_c.cpp **** }
 346              		.loc 1 60 1
 347 0264 83308104 		ld	ra,72(sp)
 348              		.cfi_restore 1
 349 0268 03340104 		ld	s0,64(sp)
 350              		.cfi_restore 8
 351              		.cfi_def_cfa 2, 80
 352 026c 13010105 		addi	sp,sp,80
 353              		.cfi_def_cfa_offset 0
 354 0270 67800000 		jr	ra
 355              		.cfi_endproc
 356              	.LFE5:
 358              		.align	2
 359              		.globl	_Z11thread_exitv
 361              	_Z11thread_exitv:
 362              	.LFB6:
  61:src/syscall_c.cpp **** 
  62:src/syscall_c.cpp **** int thread_exit()
  63:src/syscall_c.cpp **** {
 363              		.loc 1 63 1 is_stmt 1
 364              		.cfi_startproc
 365 0274 130101FB 		addi	sp,sp,-80
 366              		.cfi_def_cfa_offset 80
 367 0278 23341104 		sd	ra,72(sp)
 368 027c 23308104 		sd	s0,64(sp)
 369              		.cfi_offset 1, -8
 370              		.cfi_offset 8, -16
 371 0280 13040105 		addi	s0,sp,80
 372              		.cfi_def_cfa 8, 0
  64:src/syscall_c.cpp ****     Arguments arg = {KernelConfig::THREAD_EXIT, 0, 0, 0, 0, 0, 0, 0};
 373              		.loc 1 64 5
 374              		.loc 1 64 15 is_stmt 0
 375 0284 93072001 		li	a5,18
 376 0288 2338F4FA 		sd	a5,-80(s0)
 377 028c 233C04FA 		sd	zero,-72(s0)
 378 0290 233004FC 		sd	zero,-64(s0)
 379 0294 233404FC 		sd	zero,-56(s0)
 380 0298 233804FC 		sd	zero,-48(s0)
 381 029c 233C04FC 		sd	zero,-40(s0)
 382 02a0 233004FE 		sd	zero,-32(s0)
 383 02a4 233404FE 		sd	zero,-24(s0)
  65:src/syscall_c.cpp ****     return (int) system_call(&arg);
 384              		.loc 1 65 5 is_stmt 1
 385              		.loc 1 65 29 is_stmt 0
 386 02a8 130504FB 		addi	a0,s0,-80
 387 02ac 97000000 		call	system_call@plt
 387      E7800000 
 388              	.LVL26:
  66:src/syscall_c.cpp **** }
 389              		.loc 1 66 1
 390 02b4 1B050500 		sext.w	a0,a0
 391 02b8 83308104 		ld	ra,72(sp)
GAS LISTING /tmp/ccyqbHmQ.s 			page 9


 392              		.cfi_restore 1
 393 02bc 03340104 		ld	s0,64(sp)
 394              		.cfi_restore 8
 395              		.cfi_def_cfa 2, 80
 396 02c0 13010105 		addi	sp,sp,80
 397              		.cfi_def_cfa_offset 0
 398 02c4 67800000 		jr	ra
 399              		.cfi_endproc
 400              	.LFE6:
 402              		.align	2
 403              		.globl	_Z8sem_openPP10KSemaphorej
 405              	_Z8sem_openPP10KSemaphorej:
 406              	.LFB7:
  67:src/syscall_c.cpp **** 
  68:src/syscall_c.cpp **** int sem_open(sem_t* handle, unsigned init)
  69:src/syscall_c.cpp **** {
 407              		.loc 1 69 1 is_stmt 1
 408              		.cfi_startproc
 409              	.LVL27:
 410 02c8 130101FB 		addi	sp,sp,-80
 411              		.cfi_def_cfa_offset 80
 412 02cc 23341104 		sd	ra,72(sp)
 413 02d0 23308104 		sd	s0,64(sp)
 414              		.cfi_offset 1, -8
 415              		.cfi_offset 8, -16
 416 02d4 13040105 		addi	s0,sp,80
 417              		.cfi_def_cfa 8, 0
  70:src/syscall_c.cpp ****     Arguments arg = {(uint64)KernelConfig::SEMAPHORE_OPEN, (uint64)handle, (uint64)init, 0, 0, 0, 0
 418              		.loc 1 70 5
 419              		.loc 1 70 15 is_stmt 0
 420 02d8 233404FC 		sd	zero,-56(s0)
 421 02dc 233804FC 		sd	zero,-48(s0)
 422 02e0 233C04FC 		sd	zero,-40(s0)
 423 02e4 233004FE 		sd	zero,-32(s0)
 424 02e8 233404FE 		sd	zero,-24(s0)
 425 02ec 93071002 		li	a5,33
 426 02f0 2338F4FA 		sd	a5,-80(s0)
 427              		.loc 1 70 103
 428 02f4 233CA4FA 		sd	a0,-72(s0)
 429              		.loc 1 70 76
 430 02f8 93950502 		slli	a1,a1,32
 431              	.LVL28:
 432 02fc 93D50502 		srli	a1,a1,32
 433              		.loc 1 70 103
 434 0300 2330B4FC 		sd	a1,-64(s0)
  71:src/syscall_c.cpp ****     return (int) system_call(&arg);
 435              		.loc 1 71 5 is_stmt 1
 436              		.loc 1 71 29 is_stmt 0
 437 0304 130504FB 		addi	a0,s0,-80
 438              	.LVL29:
 439 0308 97000000 		call	system_call@plt
 439      E7800000 
 440              	.LVL30:
  72:src/syscall_c.cpp **** }
 441              		.loc 1 72 1
 442 0310 1B050500 		sext.w	a0,a0
 443 0314 83308104 		ld	ra,72(sp)
GAS LISTING /tmp/ccyqbHmQ.s 			page 10


 444              		.cfi_restore 1
 445 0318 03340104 		ld	s0,64(sp)
 446              		.cfi_restore 8
 447              		.cfi_def_cfa 2, 80
 448 031c 13010105 		addi	sp,sp,80
 449              		.cfi_def_cfa_offset 0
 450 0320 67800000 		jr	ra
 451              		.cfi_endproc
 452              	.LFE7:
 454              		.align	2
 455              		.globl	_Z9sem_closeP10KSemaphore
 457              	_Z9sem_closeP10KSemaphore:
 458              	.LFB8:
  73:src/syscall_c.cpp **** 
  74:src/syscall_c.cpp **** int sem_close(sem_t handle)
  75:src/syscall_c.cpp **** {
 459              		.loc 1 75 1 is_stmt 1
 460              		.cfi_startproc
 461              	.LVL31:
 462 0324 130101FB 		addi	sp,sp,-80
 463              		.cfi_def_cfa_offset 80
 464 0328 23341104 		sd	ra,72(sp)
 465 032c 23308104 		sd	s0,64(sp)
 466              		.cfi_offset 1, -8
 467              		.cfi_offset 8, -16
 468 0330 13040105 		addi	s0,sp,80
 469              		.cfi_def_cfa 8, 0
  76:src/syscall_c.cpp ****     Arguments arg = {(uint64)KernelConfig::SEMAPHORE_CLOSE, (uint64)handle, 0, 0, 0, 0, 0, 0};
 470              		.loc 1 76 5
 471              		.loc 1 76 15 is_stmt 0
 472 0334 233004FC 		sd	zero,-64(s0)
 473 0338 233404FC 		sd	zero,-56(s0)
 474 033c 233804FC 		sd	zero,-48(s0)
 475 0340 233C04FC 		sd	zero,-40(s0)
 476 0344 233004FE 		sd	zero,-32(s0)
 477 0348 233404FE 		sd	zero,-24(s0)
 478 034c 93072002 		li	a5,34
 479 0350 2338F4FA 		sd	a5,-80(s0)
 480              		.loc 1 76 93
 481 0354 233CA4FA 		sd	a0,-72(s0)
  77:src/syscall_c.cpp ****     return (int) system_call(&arg);
 482              		.loc 1 77 5 is_stmt 1
 483              		.loc 1 77 29 is_stmt 0
 484 0358 130504FB 		addi	a0,s0,-80
 485              	.LVL32:
 486 035c 97000000 		call	system_call@plt
 486      E7800000 
 487              	.LVL33:
  78:src/syscall_c.cpp **** }
 488              		.loc 1 78 1
 489 0364 1B050500 		sext.w	a0,a0
 490 0368 83308104 		ld	ra,72(sp)
 491              		.cfi_restore 1
 492 036c 03340104 		ld	s0,64(sp)
 493              		.cfi_restore 8
 494              		.cfi_def_cfa 2, 80
 495 0370 13010105 		addi	sp,sp,80
GAS LISTING /tmp/ccyqbHmQ.s 			page 11


 496              		.cfi_def_cfa_offset 0
 497 0374 67800000 		jr	ra
 498              		.cfi_endproc
 499              	.LFE8:
 501              		.align	2
 502              		.globl	_Z8sem_waitP10KSemaphore
 504              	_Z8sem_waitP10KSemaphore:
 505              	.LFB9:
  79:src/syscall_c.cpp **** 
  80:src/syscall_c.cpp **** int sem_wait(sem_t handle)
  81:src/syscall_c.cpp **** {
 506              		.loc 1 81 1 is_stmt 1
 507              		.cfi_startproc
 508              	.LVL34:
 509 0378 130101FB 		addi	sp,sp,-80
 510              		.cfi_def_cfa_offset 80
 511 037c 23341104 		sd	ra,72(sp)
 512 0380 23308104 		sd	s0,64(sp)
 513              		.cfi_offset 1, -8
 514              		.cfi_offset 8, -16
 515 0384 13040105 		addi	s0,sp,80
 516              		.cfi_def_cfa 8, 0
  82:src/syscall_c.cpp ****     Arguments arg = {(uint64)KernelConfig::SEMAPHORE_WAIT, (uint64)handle, 0, 0, 0, 0, 0, 0};
 517              		.loc 1 82 5
 518              		.loc 1 82 15 is_stmt 0
 519 0388 233004FC 		sd	zero,-64(s0)
 520 038c 233404FC 		sd	zero,-56(s0)
 521 0390 233804FC 		sd	zero,-48(s0)
 522 0394 233C04FC 		sd	zero,-40(s0)
 523 0398 233004FE 		sd	zero,-32(s0)
 524 039c 233404FE 		sd	zero,-24(s0)
 525 03a0 93073002 		li	a5,35
 526 03a4 2338F4FA 		sd	a5,-80(s0)
 527              		.loc 1 82 92
 528 03a8 233CA4FA 		sd	a0,-72(s0)
  83:src/syscall_c.cpp ****     return (int) system_call(&arg);
 529              		.loc 1 83 5 is_stmt 1
 530              		.loc 1 83 29 is_stmt 0
 531 03ac 130504FB 		addi	a0,s0,-80
 532              	.LVL35:
 533 03b0 97000000 		call	system_call@plt
 533      E7800000 
 534              	.LVL36:
  84:src/syscall_c.cpp **** }
 535              		.loc 1 84 1
 536 03b8 1B050500 		sext.w	a0,a0
 537 03bc 83308104 		ld	ra,72(sp)
 538              		.cfi_restore 1
 539 03c0 03340104 		ld	s0,64(sp)
 540              		.cfi_restore 8
 541              		.cfi_def_cfa 2, 80
 542 03c4 13010105 		addi	sp,sp,80
 543              		.cfi_def_cfa_offset 0
 544 03c8 67800000 		jr	ra
 545              		.cfi_endproc
 546              	.LFE9:
 548              		.align	2
GAS LISTING /tmp/ccyqbHmQ.s 			page 12


 549              		.globl	_Z10sem_signalP10KSemaphore
 551              	_Z10sem_signalP10KSemaphore:
 552              	.LFB10:
  85:src/syscall_c.cpp **** 
  86:src/syscall_c.cpp **** int sem_signal(sem_t handle)
  87:src/syscall_c.cpp **** {
 553              		.loc 1 87 1 is_stmt 1
 554              		.cfi_startproc
 555              	.LVL37:
 556 03cc 130101FB 		addi	sp,sp,-80
 557              		.cfi_def_cfa_offset 80
 558 03d0 23341104 		sd	ra,72(sp)
 559 03d4 23308104 		sd	s0,64(sp)
 560              		.cfi_offset 1, -8
 561              		.cfi_offset 8, -16
 562 03d8 13040105 		addi	s0,sp,80
 563              		.cfi_def_cfa 8, 0
  88:src/syscall_c.cpp ****     Arguments arg = {(uint64)KernelConfig::SEMAPHORE_SIGNAL, (uint64)handle, 0, 0, 0, 0, 0, 0};
 564              		.loc 1 88 5
 565              		.loc 1 88 15 is_stmt 0
 566 03dc 233004FC 		sd	zero,-64(s0)
 567 03e0 233404FC 		sd	zero,-56(s0)
 568 03e4 233804FC 		sd	zero,-48(s0)
 569 03e8 233C04FC 		sd	zero,-40(s0)
 570 03ec 233004FE 		sd	zero,-32(s0)
 571 03f0 233404FE 		sd	zero,-24(s0)
 572 03f4 93074002 		li	a5,36
 573 03f8 2338F4FA 		sd	a5,-80(s0)
 574              		.loc 1 88 94
 575 03fc 233CA4FA 		sd	a0,-72(s0)
  89:src/syscall_c.cpp ****     return (int) system_call(&arg);
 576              		.loc 1 89 5 is_stmt 1
 577              		.loc 1 89 29 is_stmt 0
 578 0400 130504FB 		addi	a0,s0,-80
 579              	.LVL38:
 580 0404 97000000 		call	system_call@plt
 580      E7800000 
 581              	.LVL39:
  90:src/syscall_c.cpp **** }
 582              		.loc 1 90 1
 583 040c 1B050500 		sext.w	a0,a0
 584 0410 83308104 		ld	ra,72(sp)
 585              		.cfi_restore 1
 586 0414 03340104 		ld	s0,64(sp)
 587              		.cfi_restore 8
 588              		.cfi_def_cfa 2, 80
 589 0418 13010105 		addi	sp,sp,80
 590              		.cfi_def_cfa_offset 0
 591 041c 67800000 		jr	ra
 592              		.cfi_endproc
 593              	.LFE10:
 595              		.align	2
 596              		.globl	_Z10time_sleepm
 598              	_Z10time_sleepm:
 599              	.LFB11:
  91:src/syscall_c.cpp **** 
  92:src/syscall_c.cpp **** int time_sleep(time_t time_to_sleep)
GAS LISTING /tmp/ccyqbHmQ.s 			page 13


  93:src/syscall_c.cpp **** {
 600              		.loc 1 93 1 is_stmt 1
 601              		.cfi_startproc
 602              	.LVL40:
 603 0420 130101FB 		addi	sp,sp,-80
 604              		.cfi_def_cfa_offset 80
 605 0424 23341104 		sd	ra,72(sp)
 606 0428 23308104 		sd	s0,64(sp)
 607              		.cfi_offset 1, -8
 608              		.cfi_offset 8, -16
 609 042c 13040105 		addi	s0,sp,80
 610              		.cfi_def_cfa 8, 0
  94:src/syscall_c.cpp ****     Arguments arg = {(uint64)KernelConfig::TIME_SLEEP, (uint64)time_to_sleep, 0, 0, 0, 0, 0, 0};
 611              		.loc 1 94 5
 612              		.loc 1 94 15 is_stmt 0
 613 0430 233004FC 		sd	zero,-64(s0)
 614 0434 233404FC 		sd	zero,-56(s0)
 615 0438 233804FC 		sd	zero,-48(s0)
 616 043c 233C04FC 		sd	zero,-40(s0)
 617 0440 233004FE 		sd	zero,-32(s0)
 618 0444 233404FE 		sd	zero,-24(s0)
 619 0448 93071003 		li	a5,49
 620 044c 2338F4FA 		sd	a5,-80(s0)
 621              		.loc 1 94 95
 622 0450 233CA4FA 		sd	a0,-72(s0)
  95:src/syscall_c.cpp ****     return (int) system_call(&arg);
 623              		.loc 1 95 5 is_stmt 1
 624              		.loc 1 95 29 is_stmt 0
 625 0454 130504FB 		addi	a0,s0,-80
 626              	.LVL41:
 627 0458 97000000 		call	system_call@plt
 627      E7800000 
 628              	.LVL42:
  96:src/syscall_c.cpp **** }
 629              		.loc 1 96 1
 630 0460 1B050500 		sext.w	a0,a0
 631 0464 83308104 		ld	ra,72(sp)
 632              		.cfi_restore 1
 633 0468 03340104 		ld	s0,64(sp)
 634              		.cfi_restore 8
 635              		.cfi_def_cfa 2, 80
 636 046c 13010105 		addi	sp,sp,80
 637              		.cfi_def_cfa_offset 0
 638 0470 67800000 		jr	ra
 639              		.cfi_endproc
 640              	.LFE11:
 642              		.align	2
 643              		.globl	_Z4getcv
 645              	_Z4getcv:
 646              	.LFB12:
  97:src/syscall_c.cpp **** char getc()
  98:src/syscall_c.cpp **** {
 647              		.loc 1 98 1 is_stmt 1
 648              		.cfi_startproc
 649 0474 130101FB 		addi	sp,sp,-80
 650              		.cfi_def_cfa_offset 80
 651 0478 23341104 		sd	ra,72(sp)
GAS LISTING /tmp/ccyqbHmQ.s 			page 14


 652 047c 23308104 		sd	s0,64(sp)
 653              		.cfi_offset 1, -8
 654              		.cfi_offset 8, -16
 655 0480 13040105 		addi	s0,sp,80
 656              		.cfi_def_cfa 8, 0
  99:src/syscall_c.cpp ****     Arguments arg = {(uint64)KernelConfig::GETC, 0, 0, 0, 0, 0, 0, 0};
 657              		.loc 1 99 5
 658              		.loc 1 99 15 is_stmt 0
 659 0484 93071004 		li	a5,65
 660 0488 2338F4FA 		sd	a5,-80(s0)
 661 048c 233C04FA 		sd	zero,-72(s0)
 662 0490 233004FC 		sd	zero,-64(s0)
 663 0494 233404FC 		sd	zero,-56(s0)
 664 0498 233804FC 		sd	zero,-48(s0)
 665 049c 233C04FC 		sd	zero,-40(s0)
 666 04a0 233004FE 		sd	zero,-32(s0)
 667 04a4 233404FE 		sd	zero,-24(s0)
 100:src/syscall_c.cpp ****     return (char) system_call(&arg);
 668              		.loc 1 100 5 is_stmt 1
 669              		.loc 1 100 30 is_stmt 0
 670 04a8 130504FB 		addi	a0,s0,-80
 671 04ac 97000000 		call	system_call@plt
 671      E7800000 
 672              	.LVL43:
 101:src/syscall_c.cpp **** }
 673              		.loc 1 101 1
 674 04b4 1375F50F 		andi	a0,a0,0xff
 675 04b8 83308104 		ld	ra,72(sp)
 676              		.cfi_restore 1
 677 04bc 03340104 		ld	s0,64(sp)
 678              		.cfi_restore 8
 679              		.cfi_def_cfa 2, 80
 680 04c0 13010105 		addi	sp,sp,80
 681              		.cfi_def_cfa_offset 0
 682 04c4 67800000 		jr	ra
 683              		.cfi_endproc
 684              	.LFE12:
 686              		.align	2
 687              		.globl	_Z4putcc
 689              	_Z4putcc:
 690              	.LFB13:
 102:src/syscall_c.cpp **** 
 103:src/syscall_c.cpp **** void putc(char c)
 104:src/syscall_c.cpp **** {
 691              		.loc 1 104 1 is_stmt 1
 692              		.cfi_startproc
 693              	.LVL44:
 694 04c8 130101FB 		addi	sp,sp,-80
 695              		.cfi_def_cfa_offset 80
 696 04cc 23341104 		sd	ra,72(sp)
 697 04d0 23308104 		sd	s0,64(sp)
 698              		.cfi_offset 1, -8
 699              		.cfi_offset 8, -16
 700 04d4 13040105 		addi	s0,sp,80
 701              		.cfi_def_cfa 8, 0
 105:src/syscall_c.cpp ****     Arguments arg = {(uint64)KernelConfig::PUTC, (uint64) c, 0, 0, 0, 0, 0, 0};
 702              		.loc 1 105 5
GAS LISTING /tmp/ccyqbHmQ.s 			page 15


 703              		.loc 1 105 15 is_stmt 0
 704 04d8 233004FC 		sd	zero,-64(s0)
 705 04dc 233404FC 		sd	zero,-56(s0)
 706 04e0 233804FC 		sd	zero,-48(s0)
 707 04e4 233C04FC 		sd	zero,-40(s0)
 708 04e8 233004FE 		sd	zero,-32(s0)
 709 04ec 233404FE 		sd	zero,-24(s0)
 710 04f0 93072004 		li	a5,66
 711 04f4 2338F4FA 		sd	a5,-80(s0)
 712              		.loc 1 105 78
 713 04f8 233CA4FA 		sd	a0,-72(s0)
 106:src/syscall_c.cpp ****     system_call(&arg);
 714              		.loc 1 106 5 is_stmt 1
 715              		.loc 1 106 16 is_stmt 0
 716 04fc 130504FB 		addi	a0,s0,-80
 717              	.LVL45:
 718 0500 97000000 		call	system_call@plt
 718      E7800000 
 719              	.LVL46:
 107:src/syscall_c.cpp **** }...
 720              		.loc 1 107 1
 721 0508 83308104 		ld	ra,72(sp)
 722              		.cfi_restore 1
 723 050c 03340104 		ld	s0,64(sp)
 724              		.cfi_restore 8
 725              		.cfi_def_cfa 2, 80
 726 0510 13010105 		addi	sp,sp,80
 727              		.cfi_def_cfa_offset 0
 728 0514 67800000 		jr	ra
 729              		.cfi_endproc
 730              	.LFE13:
 732              	.Letext0:
 733              		.file 2 "src/../h/../lib/hw.h"
 734              		.file 3 "src/../h/_thread.hpp"
 735              		.file 4 "src/../h/_semaphore.hpp"
 736              		.file 5 "src/../h/syscall_c.hpp"
 737              		.file 6 "src/../h/MemoryAllocator.hpp"
 738              		.file 7 "src/../h/Config.hpp"
GAS LISTING /tmp/ccyqbHmQ.s 			page 16


DEFINED SYMBOLS
                            *ABS*:0000000000000000 syscall_c.cpp
     /tmp/ccyqbHmQ.s:9      .text:0000000000000000 _Z9mem_allocm
     /tmp/ccyqbHmQ.s:13     .text:0000000000000000 .L0 
     /tmp/ccyqbHmQ.s:15     .text:0000000000000000 .L0 
     /tmp/ccyqbHmQ.s:16     .text:0000000000000004 .L0 
     /tmp/ccyqbHmQ.s:21     .text:0000000000000014 .L0 
     /tmp/ccyqbHmQ.s:22     .text:0000000000000014 .L0 
     /tmp/ccyqbHmQ.s:23     .text:0000000000000014 .L0 
     /tmp/ccyqbHmQ.s:24     .text:0000000000000014 .L0 
     /tmp/ccyqbHmQ.s:26     .text:0000000000000018 .L0 
     /tmp/ccyqbHmQ.s:29     .text:000000000000001c .L0 
     /tmp/ccyqbHmQ.s:30     .text:000000000000001c .L0 
     /tmp/ccyqbHmQ.s:33     .text:0000000000000024 .L0 
     /tmp/ccyqbHmQ.s:35     .text:0000000000000028 .L0 
     /tmp/ccyqbHmQ.s:38     .text:000000000000002c .L0 
     /tmp/ccyqbHmQ.s:39     .text:000000000000002c .L0 
     /tmp/ccyqbHmQ.s:42     .text:0000000000000034 .L0 
     /tmp/ccyqbHmQ.s:45     .text:0000000000000038 .L0 
     /tmp/ccyqbHmQ.s:47     .text:000000000000003c .L0 
     /tmp/ccyqbHmQ.s:51     .text:0000000000000044 .L0 
     /tmp/ccyqbHmQ.s:54     .text:0000000000000048 .L0 
     /tmp/ccyqbHmQ.s:55     .text:0000000000000048 .L0 
     /tmp/ccyqbHmQ.s:64     .text:0000000000000068 .L0 
     /tmp/ccyqbHmQ.s:66     .text:000000000000006c .L0 
     /tmp/ccyqbHmQ.s:67     .text:000000000000006c .L0 
     /tmp/ccyqbHmQ.s:71     .text:0000000000000078 .L0 
     /tmp/ccyqbHmQ.s:72     .text:000000000000007c .L0 
     /tmp/ccyqbHmQ.s:73     .text:000000000000007c .L0 
     /tmp/ccyqbHmQ.s:75     .text:0000000000000080 .L0 
     /tmp/ccyqbHmQ.s:76     .text:0000000000000080 .L0 
     /tmp/ccyqbHmQ.s:78     .text:0000000000000084 .L0 
     /tmp/ccyqbHmQ.s:80     .text:0000000000000088 .L0 
     /tmp/ccyqbHmQ.s:83     .text:000000000000008c .L0 
     /tmp/ccyqbHmQ.s:87     .text:0000000000000090 .L0 
     /tmp/ccyqbHmQ.s:89     .text:0000000000000090 .L0 
     /tmp/ccyqbHmQ.s:91     .text:0000000000000098 .L0 
     /tmp/ccyqbHmQ.s:97     .text:0000000000000098 _Z8mem_freePv
     /tmp/ccyqbHmQ.s:100    .text:0000000000000098 .L0 
     /tmp/ccyqbHmQ.s:102    .text:0000000000000098 .L0 
     /tmp/ccyqbHmQ.s:103    .text:000000000000009c .L0 
     /tmp/ccyqbHmQ.s:106    .text:00000000000000a4 .L0 
     /tmp/ccyqbHmQ.s:107    .text:00000000000000a4 .L0 
     /tmp/ccyqbHmQ.s:109    .text:00000000000000a8 .L0 
     /tmp/ccyqbHmQ.s:111    .text:00000000000000a8 .L0 
     /tmp/ccyqbHmQ.s:112    .text:00000000000000a8 .L0 
     /tmp/ccyqbHmQ.s:121    .text:00000000000000c8 .L0 
     /tmp/ccyqbHmQ.s:123    .text:00000000000000cc .L0 
     /tmp/ccyqbHmQ.s:124    .text:00000000000000cc .L0 
     /tmp/ccyqbHmQ.s:129    .text:00000000000000d8 .L0 
     /tmp/ccyqbHmQ.s:131    .text:00000000000000e0 .L0 
     /tmp/ccyqbHmQ.s:133    .text:00000000000000e4 .L0 
     /tmp/ccyqbHmQ.s:134    .text:00000000000000e4 .L0 
     /tmp/ccyqbHmQ.s:136    .text:00000000000000e8 .L0 
     /tmp/ccyqbHmQ.s:138    .text:00000000000000ec .L0 
     /tmp/ccyqbHmQ.s:144    .text:00000000000000ec _Z18mem_get_free_spacev
     /tmp/ccyqbHmQ.s:147    .text:00000000000000ec .L0 
GAS LISTING /tmp/ccyqbHmQ.s 			page 17


     /tmp/ccyqbHmQ.s:148    .text:00000000000000ec .L0 
     /tmp/ccyqbHmQ.s:149    .text:00000000000000f0 .L0 
     /tmp/ccyqbHmQ.s:152    .text:00000000000000f8 .L0 
     /tmp/ccyqbHmQ.s:153    .text:00000000000000f8 .L0 
     /tmp/ccyqbHmQ.s:155    .text:00000000000000fc .L0 
     /tmp/ccyqbHmQ.s:157    .text:00000000000000fc .L0 
     /tmp/ccyqbHmQ.s:158    .text:00000000000000fc .L0 
     /tmp/ccyqbHmQ.s:168    .text:0000000000000120 .L0 
     /tmp/ccyqbHmQ.s:169    .text:0000000000000120 .L0 
     /tmp/ccyqbHmQ.s:173    .text:000000000000012c .L0 
     /tmp/ccyqbHmQ.s:174    .text:0000000000000130 .L0 
     /tmp/ccyqbHmQ.s:176    .text:0000000000000134 .L0 
     /tmp/ccyqbHmQ.s:177    .text:0000000000000134 .L0 
     /tmp/ccyqbHmQ.s:179    .text:0000000000000138 .L0 
     /tmp/ccyqbHmQ.s:181    .text:000000000000013c .L0 
     /tmp/ccyqbHmQ.s:187    .text:000000000000013c _Z26mem_get_largest_free_blockv
     /tmp/ccyqbHmQ.s:190    .text:000000000000013c .L0 
     /tmp/ccyqbHmQ.s:191    .text:000000000000013c .L0 
     /tmp/ccyqbHmQ.s:192    .text:0000000000000140 .L0 
     /tmp/ccyqbHmQ.s:195    .text:0000000000000148 .L0 
     /tmp/ccyqbHmQ.s:196    .text:0000000000000148 .L0 
     /tmp/ccyqbHmQ.s:198    .text:000000000000014c .L0 
     /tmp/ccyqbHmQ.s:200    .text:000000000000014c .L0 
     /tmp/ccyqbHmQ.s:201    .text:000000000000014c .L0 
     /tmp/ccyqbHmQ.s:211    .text:0000000000000170 .L0 
     /tmp/ccyqbHmQ.s:212    .text:0000000000000170 .L0 
     /tmp/ccyqbHmQ.s:216    .text:000000000000017c .L0 
     /tmp/ccyqbHmQ.s:217    .text:0000000000000180 .L0 
     /tmp/ccyqbHmQ.s:219    .text:0000000000000184 .L0 
     /tmp/ccyqbHmQ.s:220    .text:0000000000000184 .L0 
     /tmp/ccyqbHmQ.s:222    .text:0000000000000188 .L0 
     /tmp/ccyqbHmQ.s:224    .text:000000000000018c .L0 
     /tmp/ccyqbHmQ.s:230    .text:000000000000018c _Z13thread_createPP3TCBPFvPvES2_
     /tmp/ccyqbHmQ.s:233    .text:000000000000018c .L0 
     /tmp/ccyqbHmQ.s:235    .text:000000000000018c .L0 
     /tmp/ccyqbHmQ.s:236    .text:0000000000000190 .L0 
     /tmp/ccyqbHmQ.s:242    .text:00000000000001a4 .L0 
     /tmp/ccyqbHmQ.s:243    .text:00000000000001a4 .L0 
     /tmp/ccyqbHmQ.s:244    .text:00000000000001a4 .L0 
     /tmp/ccyqbHmQ.s:245    .text:00000000000001a4 .L0 
     /tmp/ccyqbHmQ.s:246    .text:00000000000001a4 .L0 
     /tmp/ccyqbHmQ.s:248    .text:00000000000001a8 .L0 
     /tmp/ccyqbHmQ.s:253    .text:00000000000001b4 .L0 
     /tmp/ccyqbHmQ.s:254    .text:00000000000001b4 .L0 
     /tmp/ccyqbHmQ.s:259    .text:00000000000001c0 .L0 
     /tmp/ccyqbHmQ.s:261    .text:00000000000001c4 .L0 
     /tmp/ccyqbHmQ.s:262    .text:00000000000001c4 .L0 
     /tmp/ccyqbHmQ.s:268    .text:00000000000001d8 .L0 
     /tmp/ccyqbHmQ.s:272    .text:00000000000001e4 .L0 
     /tmp/ccyqbHmQ.s:276    .text:00000000000001ec .L0 
     /tmp/ccyqbHmQ.s:278    .text:00000000000001f0 .L0 
     /tmp/ccyqbHmQ.s:279    .text:00000000000001f0 .L0 
     /tmp/ccyqbHmQ.s:284    .text:00000000000001fc .L0 
     /tmp/ccyqbHmQ.s:287    .text:0000000000000200 .L0 
     /tmp/ccyqbHmQ.s:288    .text:0000000000000204 .L0 
     /tmp/ccyqbHmQ.s:289    .text:0000000000000204 .L0 
     /tmp/ccyqbHmQ.s:291    .text:0000000000000208 .L0 
GAS LISTING /tmp/ccyqbHmQ.s 			page 18


     /tmp/ccyqbHmQ.s:292    .text:0000000000000208 .L0 
     /tmp/ccyqbHmQ.s:294    .text:000000000000020c .L0 
     /tmp/ccyqbHmQ.s:297    .text:0000000000000210 .L0 
     /tmp/ccyqbHmQ.s:300    .text:0000000000000214 .L0 
     /tmp/ccyqbHmQ.s:303    .text:0000000000000218 .L0 
     /tmp/ccyqbHmQ.s:307    .text:000000000000021c .L0 
     /tmp/ccyqbHmQ.s:309    .text:000000000000021c .L0 
     /tmp/ccyqbHmQ.s:312    .text:0000000000000224 .L0 
     /tmp/ccyqbHmQ.s:318    .text:0000000000000224 _Z15thread_dispatchv
     /tmp/ccyqbHmQ.s:321    .text:0000000000000224 .L0 
     /tmp/ccyqbHmQ.s:322    .text:0000000000000224 .L0 
     /tmp/ccyqbHmQ.s:323    .text:0000000000000228 .L0 
     /tmp/ccyqbHmQ.s:326    .text:0000000000000230 .L0 
     /tmp/ccyqbHmQ.s:327    .text:0000000000000230 .L0 
     /tmp/ccyqbHmQ.s:329    .text:0000000000000234 .L0 
     /tmp/ccyqbHmQ.s:331    .text:0000000000000234 .L0 
     /tmp/ccyqbHmQ.s:332    .text:0000000000000234 .L0 
     /tmp/ccyqbHmQ.s:342    .text:0000000000000258 .L0 
     /tmp/ccyqbHmQ.s:343    .text:0000000000000258 .L0 
     /tmp/ccyqbHmQ.s:347    .text:0000000000000264 .L0 
     /tmp/ccyqbHmQ.s:348    .text:0000000000000268 .L0 
     /tmp/ccyqbHmQ.s:350    .text:000000000000026c .L0 
     /tmp/ccyqbHmQ.s:351    .text:000000000000026c .L0 
     /tmp/ccyqbHmQ.s:353    .text:0000000000000270 .L0 
     /tmp/ccyqbHmQ.s:355    .text:0000000000000274 .L0 
     /tmp/ccyqbHmQ.s:361    .text:0000000000000274 _Z11thread_exitv
     /tmp/ccyqbHmQ.s:364    .text:0000000000000274 .L0 
     /tmp/ccyqbHmQ.s:365    .text:0000000000000274 .L0 
     /tmp/ccyqbHmQ.s:366    .text:0000000000000278 .L0 
     /tmp/ccyqbHmQ.s:369    .text:0000000000000280 .L0 
     /tmp/ccyqbHmQ.s:370    .text:0000000000000280 .L0 
     /tmp/ccyqbHmQ.s:372    .text:0000000000000284 .L0 
     /tmp/ccyqbHmQ.s:374    .text:0000000000000284 .L0 
     /tmp/ccyqbHmQ.s:375    .text:0000000000000284 .L0 
     /tmp/ccyqbHmQ.s:385    .text:00000000000002a8 .L0 
     /tmp/ccyqbHmQ.s:386    .text:00000000000002a8 .L0 
     /tmp/ccyqbHmQ.s:390    .text:00000000000002b4 .L0 
     /tmp/ccyqbHmQ.s:392    .text:00000000000002bc .L0 
     /tmp/ccyqbHmQ.s:394    .text:00000000000002c0 .L0 
     /tmp/ccyqbHmQ.s:395    .text:00000000000002c0 .L0 
     /tmp/ccyqbHmQ.s:397    .text:00000000000002c4 .L0 
     /tmp/ccyqbHmQ.s:399    .text:00000000000002c8 .L0 
     /tmp/ccyqbHmQ.s:405    .text:00000000000002c8 _Z8sem_openPP10KSemaphorej
     /tmp/ccyqbHmQ.s:408    .text:00000000000002c8 .L0 
     /tmp/ccyqbHmQ.s:410    .text:00000000000002c8 .L0 
     /tmp/ccyqbHmQ.s:411    .text:00000000000002cc .L0 
     /tmp/ccyqbHmQ.s:414    .text:00000000000002d4 .L0 
     /tmp/ccyqbHmQ.s:415    .text:00000000000002d4 .L0 
     /tmp/ccyqbHmQ.s:417    .text:00000000000002d8 .L0 
     /tmp/ccyqbHmQ.s:419    .text:00000000000002d8 .L0 
     /tmp/ccyqbHmQ.s:420    .text:00000000000002d8 .L0 
     /tmp/ccyqbHmQ.s:428    .text:00000000000002f4 .L0 
     /tmp/ccyqbHmQ.s:430    .text:00000000000002f8 .L0 
     /tmp/ccyqbHmQ.s:434    .text:0000000000000300 .L0 
     /tmp/ccyqbHmQ.s:436    .text:0000000000000304 .L0 
     /tmp/ccyqbHmQ.s:437    .text:0000000000000304 .L0 
     /tmp/ccyqbHmQ.s:442    .text:0000000000000310 .L0 
GAS LISTING /tmp/ccyqbHmQ.s 			page 19


     /tmp/ccyqbHmQ.s:444    .text:0000000000000318 .L0 
     /tmp/ccyqbHmQ.s:446    .text:000000000000031c .L0 
     /tmp/ccyqbHmQ.s:447    .text:000000000000031c .L0 
     /tmp/ccyqbHmQ.s:449    .text:0000000000000320 .L0 
     /tmp/ccyqbHmQ.s:451    .text:0000000000000324 .L0 
     /tmp/ccyqbHmQ.s:457    .text:0000000000000324 _Z9sem_closeP10KSemaphore
     /tmp/ccyqbHmQ.s:460    .text:0000000000000324 .L0 
     /tmp/ccyqbHmQ.s:462    .text:0000000000000324 .L0 
     /tmp/ccyqbHmQ.s:463    .text:0000000000000328 .L0 
     /tmp/ccyqbHmQ.s:466    .text:0000000000000330 .L0 
     /tmp/ccyqbHmQ.s:467    .text:0000000000000330 .L0 
     /tmp/ccyqbHmQ.s:469    .text:0000000000000334 .L0 
     /tmp/ccyqbHmQ.s:471    .text:0000000000000334 .L0 
     /tmp/ccyqbHmQ.s:472    .text:0000000000000334 .L0 
     /tmp/ccyqbHmQ.s:481    .text:0000000000000354 .L0 
     /tmp/ccyqbHmQ.s:483    .text:0000000000000358 .L0 
     /tmp/ccyqbHmQ.s:484    .text:0000000000000358 .L0 
     /tmp/ccyqbHmQ.s:489    .text:0000000000000364 .L0 
     /tmp/ccyqbHmQ.s:491    .text:000000000000036c .L0 
     /tmp/ccyqbHmQ.s:493    .text:0000000000000370 .L0 
     /tmp/ccyqbHmQ.s:494    .text:0000000000000370 .L0 
     /tmp/ccyqbHmQ.s:496    .text:0000000000000374 .L0 
     /tmp/ccyqbHmQ.s:498    .text:0000000000000378 .L0 
     /tmp/ccyqbHmQ.s:504    .text:0000000000000378 _Z8sem_waitP10KSemaphore
     /tmp/ccyqbHmQ.s:507    .text:0000000000000378 .L0 
     /tmp/ccyqbHmQ.s:509    .text:0000000000000378 .L0 
     /tmp/ccyqbHmQ.s:510    .text:000000000000037c .L0 
     /tmp/ccyqbHmQ.s:513    .text:0000000000000384 .L0 
     /tmp/ccyqbHmQ.s:514    .text:0000000000000384 .L0 
     /tmp/ccyqbHmQ.s:516    .text:0000000000000388 .L0 
     /tmp/ccyqbHmQ.s:518    .text:0000000000000388 .L0 
     /tmp/ccyqbHmQ.s:519    .text:0000000000000388 .L0 
     /tmp/ccyqbHmQ.s:528    .text:00000000000003a8 .L0 
     /tmp/ccyqbHmQ.s:530    .text:00000000000003ac .L0 
     /tmp/ccyqbHmQ.s:531    .text:00000000000003ac .L0 
     /tmp/ccyqbHmQ.s:536    .text:00000000000003b8 .L0 
     /tmp/ccyqbHmQ.s:538    .text:00000000000003c0 .L0 
     /tmp/ccyqbHmQ.s:540    .text:00000000000003c4 .L0 
     /tmp/ccyqbHmQ.s:541    .text:00000000000003c4 .L0 
     /tmp/ccyqbHmQ.s:543    .text:00000000000003c8 .L0 
     /tmp/ccyqbHmQ.s:545    .text:00000000000003cc .L0 
     /tmp/ccyqbHmQ.s:551    .text:00000000000003cc _Z10sem_signalP10KSemaphore
     /tmp/ccyqbHmQ.s:554    .text:00000000000003cc .L0 
     /tmp/ccyqbHmQ.s:556    .text:00000000000003cc .L0 
     /tmp/ccyqbHmQ.s:557    .text:00000000000003d0 .L0 
     /tmp/ccyqbHmQ.s:560    .text:00000000000003d8 .L0 
     /tmp/ccyqbHmQ.s:561    .text:00000000000003d8 .L0 
     /tmp/ccyqbHmQ.s:563    .text:00000000000003dc .L0 
     /tmp/ccyqbHmQ.s:565    .text:00000000000003dc .L0 
     /tmp/ccyqbHmQ.s:566    .text:00000000000003dc .L0 
     /tmp/ccyqbHmQ.s:575    .text:00000000000003fc .L0 
     /tmp/ccyqbHmQ.s:577    .text:0000000000000400 .L0 
     /tmp/ccyqbHmQ.s:578    .text:0000000000000400 .L0 
     /tmp/ccyqbHmQ.s:583    .text:000000000000040c .L0 
     /tmp/ccyqbHmQ.s:585    .text:0000000000000414 .L0 
     /tmp/ccyqbHmQ.s:587    .text:0000000000000418 .L0 
     /tmp/ccyqbHmQ.s:588    .text:0000000000000418 .L0 
GAS LISTING /tmp/ccyqbHmQ.s 			page 20


     /tmp/ccyqbHmQ.s:590    .text:000000000000041c .L0 
     /tmp/ccyqbHmQ.s:592    .text:0000000000000420 .L0 
     /tmp/ccyqbHmQ.s:598    .text:0000000000000420 _Z10time_sleepm
     /tmp/ccyqbHmQ.s:601    .text:0000000000000420 .L0 
     /tmp/ccyqbHmQ.s:603    .text:0000000000000420 .L0 
     /tmp/ccyqbHmQ.s:604    .text:0000000000000424 .L0 
     /tmp/ccyqbHmQ.s:607    .text:000000000000042c .L0 
     /tmp/ccyqbHmQ.s:608    .text:000000000000042c .L0 
     /tmp/ccyqbHmQ.s:610    .text:0000000000000430 .L0 
     /tmp/ccyqbHmQ.s:612    .text:0000000000000430 .L0 
     /tmp/ccyqbHmQ.s:613    .text:0000000000000430 .L0 
     /tmp/ccyqbHmQ.s:622    .text:0000000000000450 .L0 
     /tmp/ccyqbHmQ.s:624    .text:0000000000000454 .L0 
     /tmp/ccyqbHmQ.s:625    .text:0000000000000454 .L0 
     /tmp/ccyqbHmQ.s:630    .text:0000000000000460 .L0 
     /tmp/ccyqbHmQ.s:632    .text:0000000000000468 .L0 
     /tmp/ccyqbHmQ.s:634    .text:000000000000046c .L0 
     /tmp/ccyqbHmQ.s:635    .text:000000000000046c .L0 
     /tmp/ccyqbHmQ.s:637    .text:0000000000000470 .L0 
     /tmp/ccyqbHmQ.s:639    .text:0000000000000474 .L0 
     /tmp/ccyqbHmQ.s:645    .text:0000000000000474 _Z4getcv
     /tmp/ccyqbHmQ.s:648    .text:0000000000000474 .L0 
     /tmp/ccyqbHmQ.s:649    .text:0000000000000474 .L0 
     /tmp/ccyqbHmQ.s:650    .text:0000000000000478 .L0 
     /tmp/ccyqbHmQ.s:653    .text:0000000000000480 .L0 
     /tmp/ccyqbHmQ.s:654    .text:0000000000000480 .L0 
     /tmp/ccyqbHmQ.s:656    .text:0000000000000484 .L0 
     /tmp/ccyqbHmQ.s:658    .text:0000000000000484 .L0 
     /tmp/ccyqbHmQ.s:659    .text:0000000000000484 .L0 
     /tmp/ccyqbHmQ.s:669    .text:00000000000004a8 .L0 
     /tmp/ccyqbHmQ.s:670    .text:00000000000004a8 .L0 
     /tmp/ccyqbHmQ.s:674    .text:00000000000004b4 .L0 
     /tmp/ccyqbHmQ.s:676    .text:00000000000004bc .L0 
     /tmp/ccyqbHmQ.s:678    .text:00000000000004c0 .L0 
     /tmp/ccyqbHmQ.s:679    .text:00000000000004c0 .L0 
     /tmp/ccyqbHmQ.s:681    .text:00000000000004c4 .L0 
     /tmp/ccyqbHmQ.s:683    .text:00000000000004c8 .L0 
     /tmp/ccyqbHmQ.s:689    .text:00000000000004c8 _Z4putcc
     /tmp/ccyqbHmQ.s:692    .text:00000000000004c8 .L0 
     /tmp/ccyqbHmQ.s:694    .text:00000000000004c8 .L0 
     /tmp/ccyqbHmQ.s:695    .text:00000000000004cc .L0 
     /tmp/ccyqbHmQ.s:698    .text:00000000000004d4 .L0 
     /tmp/ccyqbHmQ.s:699    .text:00000000000004d4 .L0 
     /tmp/ccyqbHmQ.s:701    .text:00000000000004d8 .L0 
     /tmp/ccyqbHmQ.s:703    .text:00000000000004d8 .L0 
     /tmp/ccyqbHmQ.s:704    .text:00000000000004d8 .L0 
     /tmp/ccyqbHmQ.s:713    .text:00000000000004f8 .L0 
     /tmp/ccyqbHmQ.s:715    .text:00000000000004fc .L0 
     /tmp/ccyqbHmQ.s:716    .text:00000000000004fc .L0 
     /tmp/ccyqbHmQ.s:721    .text:0000000000000508 .L0 
     /tmp/ccyqbHmQ.s:722    .text:000000000000050c .L0 
     /tmp/ccyqbHmQ.s:724    .text:0000000000000510 .L0 
     /tmp/ccyqbHmQ.s:725    .text:0000000000000510 .L0 
     /tmp/ccyqbHmQ.s:727    .text:0000000000000514 .L0 
     /tmp/ccyqbHmQ.s:729    .text:0000000000000518 .L0 
     /tmp/ccyqbHmQ.s:739    .text:0000000000000518 .L0 
     /tmp/ccyqbHmQ.s:86     .text:0000000000000090 .L3
GAS LISTING /tmp/ccyqbHmQ.s 			page 21


     /tmp/ccyqbHmQ.s:49     .text:0000000000000044 .L2
     /tmp/ccyqbHmQ.s:306    .text:000000000000021c .L13
     /tmp/ccyqbHmQ.s:285    .text:0000000000000200 .L12
     /tmp/ccyqbHmQ.s:1952   .debug_abbrev:0000000000000000 .Ldebug_abbrev0
     /tmp/ccyqbHmQ.s:3186   .debug_str:000000000000076d .LASF117
     /tmp/ccyqbHmQ.s:3076   .debug_str:000000000000039f .LASF118
     /tmp/ccyqbHmQ.s:3022   .debug_str:00000000000001f4 .LASF119
     /tmp/ccyqbHmQ.s:5      .text:0000000000000000 .Ltext0
     /tmp/ccyqbHmQ.s:732    .text:0000000000000518 .Letext0
     /tmp/ccyqbHmQ.s:2966   .debug_line:0000000000000000 .Ldebug_line0
     /tmp/ccyqbHmQ.s:3110   .debug_str:00000000000004f7 .LASF0
     /tmp/ccyqbHmQ.s:3128   .debug_str:00000000000005a7 .LASF1
     /tmp/ccyqbHmQ.s:3096   .debug_str:0000000000000476 .LASF2
     /tmp/ccyqbHmQ.s:3040   .debug_str:00000000000002c4 .LASF3
     /tmp/ccyqbHmQ.s:3072   .debug_str:000000000000038f .LASF4
     /tmp/ccyqbHmQ.s:3164   .debug_str:00000000000006de .LASF5
     /tmp/ccyqbHmQ.s:2994   .debug_str:00000000000000ef .LASF6
     /tmp/ccyqbHmQ.s:3028   .debug_str:000000000000023b .LASF7
     /tmp/ccyqbHmQ.s:3132   .debug_str:00000000000005d0 .LASF8
     /tmp/ccyqbHmQ.s:3108   .debug_str:00000000000004e4 .LASF9
     /tmp/ccyqbHmQ.s:3194   .debug_str:0000000000000867 .LASF10
     /tmp/ccyqbHmQ.s:3060   .debug_str:0000000000000350 .LASF11
     /tmp/ccyqbHmQ.s:3140   .debug_str:0000000000000607 .LASF12
     /tmp/ccyqbHmQ.s:3188   .debug_str:0000000000000831 .LASF13
     /tmp/ccyqbHmQ.s:3000   .debug_str:000000000000013e .LASF14
     /tmp/ccyqbHmQ.s:2974   .debug_str:0000000000000028 .LASF15
     /tmp/ccyqbHmQ.s:3008   .debug_str:000000000000019f .LASF16
     /tmp/ccyqbHmQ.s:3156   .debug_str:00000000000006a3 .LASF17
     /tmp/ccyqbHmQ.s:3024   .debug_str:0000000000000217 .LASF18
     /tmp/ccyqbHmQ.s:3068   .debug_str:0000000000000382 .LASF19
     /tmp/ccyqbHmQ.s:3070   .debug_str:000000000000038a .LASF20
     /tmp/ccyqbHmQ.s:3036   .debug_str:0000000000000292 .LASF21
     /tmp/ccyqbHmQ.s:2968   .debug_str:0000000000000000 .LASF22
     /tmp/ccyqbHmQ.s:3044   .debug_str:00000000000002d6 .LASF23
     /tmp/ccyqbHmQ.s:3092   .debug_str:0000000000000461 .LASF28
     /tmp/ccyqbHmQ.s:3112   .debug_str:0000000000000504 .LASF41
     /tmp/ccyqbHmQ.s:2996   .debug_str:00000000000000f6 .LASF24
     /tmp/ccyqbHmQ.s:3010   .debug_str:00000000000001ab .LASF25
     /tmp/ccyqbHmQ.s:3030   .debug_str:0000000000000242 .LASF26
     /tmp/ccyqbHmQ.s:3054   .debug_str:0000000000000322 .LASF27
     /tmp/ccyqbHmQ.s:3184   .debug_str:0000000000000754 .LASF29
     /tmp/ccyqbHmQ.s:3190   .debug_str:0000000000000840 .LASF30
     /tmp/ccyqbHmQ.s:3102   .debug_str:00000000000004a4 .LASF81
     /tmp/ccyqbHmQ.s:3086   .debug_str:00000000000003ea .LASF83
     /tmp/ccyqbHmQ.s:2986   .debug_str:00000000000000b8 .LASF31
     /tmp/ccyqbHmQ.s:3038   .debug_str:000000000000029d .LASF33
     /tmp/ccyqbHmQ.s:2972   .debug_str:000000000000001d .LASF32
     /tmp/ccyqbHmQ.s:3090   .debug_str:000000000000043d .LASF34
     /tmp/ccyqbHmQ.s:3116   .debug_str:000000000000051c .LASF35
     /tmp/ccyqbHmQ.s:3210   .debug_str:000000000000091a .LASF37
     /tmp/ccyqbHmQ.s:3014   .debug_str:00000000000001c0 .LASF36
     /tmp/ccyqbHmQ.s:3208   .debug_str:00000000000008f5 .LASF38
     /tmp/ccyqbHmQ.s:3052   .debug_str:0000000000000310 .LASF39
     /tmp/ccyqbHmQ.s:3004   .debug_str:0000000000000166 .LASF40
     /tmp/ccyqbHmQ.s:3124   .debug_str:0000000000000584 .LASF42
     /tmp/ccyqbHmQ.s:3214   .debug_str:0000000000000955 .LASF43
     /tmp/ccyqbHmQ.s:2988   .debug_str:00000000000000c7 .LASF44
GAS LISTING /tmp/ccyqbHmQ.s 			page 22


     /tmp/ccyqbHmQ.s:3170   .debug_str:0000000000000706 .LASF45
     /tmp/ccyqbHmQ.s:3144   .debug_str:000000000000064a .LASF46
     /tmp/ccyqbHmQ.s:3142   .debug_str:0000000000000616 .LASF48
     /tmp/ccyqbHmQ.s:3200   .debug_str:000000000000089c .LASF52
     /tmp/ccyqbHmQ.s:3088   .debug_str:0000000000000406 .LASF54
     /tmp/ccyqbHmQ.s:3050   .debug_str:00000000000002fe .LASF47
     /tmp/ccyqbHmQ.s:3032   .debug_str:000000000000024c .LASF49
     /tmp/ccyqbHmQ.s:2976   .debug_str:0000000000000038 .LASF50
     /tmp/ccyqbHmQ.s:2998   .debug_str:00000000000000ff .LASF51
     /tmp/ccyqbHmQ.s:3130   .debug_str:00000000000005ba .LASF53
     /tmp/ccyqbHmQ.s:2978   .debug_str:000000000000004e .LASF55
     /tmp/ccyqbHmQ.s:2982   .debug_str:0000000000000092 .LASF120
     /tmp/ccyqbHmQ.s:3122   .debug_str:000000000000055b .LASF121
     /tmp/ccyqbHmQ.s:2980   .debug_str:000000000000008d .LASF56
     /tmp/ccyqbHmQ.s:3018   .debug_str:00000000000001db .LASF122
     /tmp/ccyqbHmQ.s:3082   .debug_str:00000000000003c6 .LASF57
     /tmp/ccyqbHmQ.s:3202   .debug_str:00000000000008a8 .LASF58
     /tmp/ccyqbHmQ.s:3178   .debug_str:000000000000072f .LASF59
     /tmp/ccyqbHmQ.s:3062   .debug_str:000000000000035e .LASF60
     /tmp/ccyqbHmQ.s:2970   .debug_str:0000000000000009 .LASF61
     /tmp/ccyqbHmQ.s:3120   .debug_str:0000000000000541 .LASF62
     /tmp/ccyqbHmQ.s:3216   .debug_str:0000000000000964 .LASF123
     /tmp/ccyqbHmQ.s:3168   .debug_str:00000000000006fc .LASF63
     /tmp/ccyqbHmQ.s:3154   .debug_str:000000000000069a .LASF64
     /tmp/ccyqbHmQ.s:3212   .debug_str:0000000000000946 .LASF65
     /tmp/ccyqbHmQ.s:2992   .debug_str:00000000000000dc .LASF66
     /tmp/ccyqbHmQ.s:3114   .debug_str:000000000000050e .LASF67
     /tmp/ccyqbHmQ.s:3042   .debug_str:00000000000002ca .LASF68
     /tmp/ccyqbHmQ.s:3058   .debug_str:0000000000000340 .LASF69
     /tmp/ccyqbHmQ.s:3006   .debug_str:0000000000000190 .LASF70
     /tmp/ccyqbHmQ.s:3138   .debug_str:00000000000005f7 .LASF71
     /tmp/ccyqbHmQ.s:3172   .debug_str:0000000000000714 .LASF72
     /tmp/ccyqbHmQ.s:3118   .debug_str:0000000000000530 .LASF73
     /tmp/ccyqbHmQ.s:3078   .debug_str:00000000000003b1 .LASF74
     /tmp/ccyqbHmQ.s:3152   .debug_str:0000000000000695 .LASF75
     /tmp/ccyqbHmQ.s:2990   .debug_str:00000000000000d7 .LASF76
     /tmp/ccyqbHmQ.s:3182   .debug_str:000000000000074a .LASF77
     /tmp/ccyqbHmQ.s:3100   .debug_str:000000000000049f .LASF78
     /tmp/ccyqbHmQ.s:3180   .debug_str:0000000000000741 .LASF79
     /tmp/ccyqbHmQ.s:690    .text:00000000000004c8 .LFB13
     /tmp/ccyqbHmQ.s:730    .text:0000000000000518 .LFE13
     /tmp/ccyqbHmQ.s:2689   .debug_loc:0000000000000000 .LLST13
     /tmp/ccyqbHmQ.s:719    .text:0000000000000508 .LVL46
     /tmp/ccyqbHmQ.s:3064   .debug_str:0000000000000371 .LASF80
     /tmp/ccyqbHmQ.s:3094   .debug_str:0000000000000471 .LASF82
     /tmp/ccyqbHmQ.s:3162   .debug_str:00000000000006d5 .LASF84
     /tmp/ccyqbHmQ.s:646    .text:0000000000000474 .LFB12
     /tmp/ccyqbHmQ.s:684    .text:00000000000004c8 .LFE12
     /tmp/ccyqbHmQ.s:672    .text:00000000000004b4 .LVL43
     /tmp/ccyqbHmQ.s:3158   .debug_str:00000000000006b9 .LASF85
     /tmp/ccyqbHmQ.s:3146   .debug_str:0000000000000656 .LASF86
     /tmp/ccyqbHmQ.s:599    .text:0000000000000420 .LFB11
     /tmp/ccyqbHmQ.s:640    .text:0000000000000474 .LFE11
     /tmp/ccyqbHmQ.s:3126   .debug_str:0000000000000599 .LASF87
     /tmp/ccyqbHmQ.s:2703   .debug_loc:0000000000000039 .LLST12
     /tmp/ccyqbHmQ.s:628    .text:0000000000000460 .LVL42
     /tmp/ccyqbHmQ.s:3192   .debug_str:000000000000085c .LASF88
GAS LISTING /tmp/ccyqbHmQ.s 			page 23


     /tmp/ccyqbHmQ.s:3106   .debug_str:00000000000004c8 .LASF89
     /tmp/ccyqbHmQ.s:552    .text:00000000000003cc .LFB10
     /tmp/ccyqbHmQ.s:593    .text:0000000000000420 .LFE10
     /tmp/ccyqbHmQ.s:3174   .debug_str:0000000000000723 .LASF90
     /tmp/ccyqbHmQ.s:2722   .debug_loc:0000000000000087 .LLST11
     /tmp/ccyqbHmQ.s:581    .text:000000000000040c .LVL39
     /tmp/ccyqbHmQ.s:3012   .debug_str:00000000000001b7 .LASF91
     /tmp/ccyqbHmQ.s:3046   .debug_str:00000000000002dc .LASF92
     /tmp/ccyqbHmQ.s:505    .text:0000000000000378 .LFB9
     /tmp/ccyqbHmQ.s:546    .text:00000000000003cc .LFE9
     /tmp/ccyqbHmQ.s:2741   .debug_loc:00000000000000d5 .LLST10
     /tmp/ccyqbHmQ.s:534    .text:00000000000003b8 .LVL36
     /tmp/ccyqbHmQ.s:3080   .debug_str:00000000000003bc .LASF93
     /tmp/ccyqbHmQ.s:3104   .debug_str:00000000000004ae .LASF94
     /tmp/ccyqbHmQ.s:458    .text:0000000000000324 .LFB8
     /tmp/ccyqbHmQ.s:499    .text:0000000000000378 .LFE8
     /tmp/ccyqbHmQ.s:2760   .debug_loc:0000000000000123 .LLST9
     /tmp/ccyqbHmQ.s:487    .text:0000000000000364 .LVL33
     /tmp/ccyqbHmQ.s:3048   .debug_str:00000000000002f5 .LASF95
     /tmp/ccyqbHmQ.s:3098   .debug_str:0000000000000484 .LASF96
     /tmp/ccyqbHmQ.s:406    .text:00000000000002c8 .LFB7
     /tmp/ccyqbHmQ.s:452    .text:0000000000000324 .LFE7
     /tmp/ccyqbHmQ.s:2779   .debug_loc:0000000000000171 .LLST7
     /tmp/ccyqbHmQ.s:3136   .debug_str:00000000000005f2 .LASF97
     /tmp/ccyqbHmQ.s:2798   .debug_loc:00000000000001bf .LLST8
     /tmp/ccyqbHmQ.s:440    .text:0000000000000310 .LVL30
     /tmp/ccyqbHmQ.s:3066   .debug_str:0000000000000376 .LASF98
     /tmp/ccyqbHmQ.s:3160   .debug_str:00000000000006c4 .LASF99
     /tmp/ccyqbHmQ.s:362    .text:0000000000000274 .LFB6
     /tmp/ccyqbHmQ.s:400    .text:00000000000002c8 .LFE6
     /tmp/ccyqbHmQ.s:388    .text:00000000000002b4 .LVL26
     /tmp/ccyqbHmQ.s:3056   .debug_str:0000000000000330 .LASF100
     /tmp/ccyqbHmQ.s:2984   .debug_str:00000000000000a3 .LASF101
     /tmp/ccyqbHmQ.s:319    .text:0000000000000224 .LFB5
     /tmp/ccyqbHmQ.s:356    .text:0000000000000274 .LFE5
     /tmp/ccyqbHmQ.s:345    .text:0000000000000264 .LVL25
     /tmp/ccyqbHmQ.s:3026   .debug_str:000000000000022d .LASF102
     /tmp/ccyqbHmQ.s:3150   .debug_str:0000000000000674 .LASF103
     /tmp/ccyqbHmQ.s:231    .text:000000000000018c .LFB4
     /tmp/ccyqbHmQ.s:313    .text:0000000000000224 .LFE4
     /tmp/ccyqbHmQ.s:2812   .debug_loc:00000000000001f8 .LLST3
     /tmp/ccyqbHmQ.s:3148   .debug_str:0000000000000666 .LASF104
     /tmp/ccyqbHmQ.s:2834   .debug_loc:0000000000000257 .LLST4
     /tmp/ccyqbHmQ.s:3084   .debug_str:00000000000003dd .LASF105
     /tmp/ccyqbHmQ.s:2856   .debug_loc:00000000000002b6 .LLST5
     /tmp/ccyqbHmQ.s:3166   .debug_str:00000000000006f0 .LASF106
     /tmp/ccyqbHmQ.s:2878   .debug_loc:0000000000000315 .LLST6
     /tmp/ccyqbHmQ.s:257    .text:00000000000001c0 .LVL16
     /tmp/ccyqbHmQ.s:282    .text:00000000000001fc .LVL19
     /tmp/ccyqbHmQ.s:3198   .debug_str:0000000000000881 .LASF107
     /tmp/ccyqbHmQ.s:3204   .debug_str:00000000000008c2 .LASF108
     /tmp/ccyqbHmQ.s:188    .text:000000000000013c .LFB3
     /tmp/ccyqbHmQ.s:225    .text:000000000000018c .LFE3
     /tmp/ccyqbHmQ.s:214    .text:000000000000017c .LVL13
     /tmp/ccyqbHmQ.s:3206   .debug_str:00000000000008e2 .LASF109
     /tmp/ccyqbHmQ.s:3002   .debug_str:000000000000014e .LASF110
     /tmp/ccyqbHmQ.s:145    .text:00000000000000ec .LFB2
GAS LISTING /tmp/ccyqbHmQ.s 			page 24


     /tmp/ccyqbHmQ.s:182    .text:000000000000013c .LFE2
     /tmp/ccyqbHmQ.s:171    .text:000000000000012c .LVL12
     /tmp/ccyqbHmQ.s:3074   .debug_str:0000000000000396 .LASF111
     /tmp/ccyqbHmQ.s:3034   .debug_str:0000000000000284 .LASF112
     /tmp/ccyqbHmQ.s:98     .text:0000000000000098 .LFB1
     /tmp/ccyqbHmQ.s:139    .text:00000000000000ec .LFE1
     /tmp/ccyqbHmQ.s:2905   .debug_loc:000000000000037c .LLST2
     /tmp/ccyqbHmQ.s:127    .text:00000000000000d8 .LVL11
     /tmp/ccyqbHmQ.s:3196   .debug_str:0000000000000877 .LASF113
     /tmp/ccyqbHmQ.s:3016   .debug_str:00000000000001cd .LASF114
     /tmp/ccyqbHmQ.s:10     .text:0000000000000000 .LFB0
     /tmp/ccyqbHmQ.s:92     .text:0000000000000098 .LFE0
     /tmp/ccyqbHmQ.s:3176   .debug_str:000000000000072a .LASF115
     /tmp/ccyqbHmQ.s:2924   .debug_loc:00000000000003ca .LLST0
     /tmp/ccyqbHmQ.s:3134   .debug_str:00000000000005e3 .LASF116
     /tmp/ccyqbHmQ.s:2942   .debug_loc:0000000000000416 .LLST1
     /tmp/ccyqbHmQ.s:31     .text:0000000000000024 .LVL1
     /tmp/ccyqbHmQ.s:40     .text:0000000000000034 .LVL3
     /tmp/ccyqbHmQ.s:69     .text:0000000000000078 .LVL6
     /tmp/ccyqbHmQ.s:3020   .debug_str:00000000000001e8 .LASF124
     /tmp/ccyqbHmQ.s:693    .text:00000000000004c8 .LVL44
     /tmp/ccyqbHmQ.s:717    .text:0000000000000500 .LVL45
     /tmp/ccyqbHmQ.s:602    .text:0000000000000420 .LVL40
     /tmp/ccyqbHmQ.s:626    .text:0000000000000458 .LVL41
     /tmp/ccyqbHmQ.s:555    .text:00000000000003cc .LVL37
     /tmp/ccyqbHmQ.s:579    .text:0000000000000404 .LVL38
     /tmp/ccyqbHmQ.s:508    .text:0000000000000378 .LVL34
     /tmp/ccyqbHmQ.s:532    .text:00000000000003b0 .LVL35
     /tmp/ccyqbHmQ.s:461    .text:0000000000000324 .LVL31
     /tmp/ccyqbHmQ.s:485    .text:000000000000035c .LVL32
     /tmp/ccyqbHmQ.s:409    .text:00000000000002c8 .LVL27
     /tmp/ccyqbHmQ.s:438    .text:0000000000000308 .LVL29
     /tmp/ccyqbHmQ.s:431    .text:00000000000002fc .LVL28
     /tmp/ccyqbHmQ.s:234    .text:000000000000018c .LVL14
     /tmp/ccyqbHmQ.s:255    .text:00000000000001b8 .LVL15
     /tmp/ccyqbHmQ.s:301    .text:0000000000000214 .LVL22
     /tmp/ccyqbHmQ.s:305    .text:000000000000021c .LVL23
     /tmp/ccyqbHmQ.s:298    .text:0000000000000210 .LVL21
     /tmp/ccyqbHmQ.s:295    .text:000000000000020c .LVL20
     /tmp/ccyqbHmQ.s:274    .text:00000000000001ec .LVL17
     /tmp/ccyqbHmQ.s:280    .text:00000000000001f4 .LVL18
     /tmp/ccyqbHmQ.s:310    .text:0000000000000220 .LVL24
     /tmp/ccyqbHmQ.s:101    .text:0000000000000098 .LVL9
     /tmp/ccyqbHmQ.s:125    .text:00000000000000d0 .LVL10
     /tmp/ccyqbHmQ.s:14     .text:0000000000000000 .LVL0
     /tmp/ccyqbHmQ.s:43     .text:0000000000000038 .LVL4
     /tmp/ccyqbHmQ.s:36     .text:000000000000002c .LVL2
     /tmp/ccyqbHmQ.s:81     .text:0000000000000088 .LVL7
     /tmp/ccyqbHmQ.s:85     .text:0000000000000090 .LVL8
     /tmp/ccyqbHmQ.s:740    .debug_info:0000000000000000 .Ldebug_info0

UNDEFINED SYMBOLS
_ZN15MemoryAllocator17getSizeOfMetaDataEv
system_call
